Component: Arm Compiler for Embedded 6.21 Tool: armlink [5ec1fa00]

==============================================================================

Section Cross References

    empty.o(.text.main) refers to ti_msp_dl_config.o(.text.SYSCFG_DL_init) for SYSCFG_DL_init
    empty.o(.text.main) refers to motor.o(.text.Motor_Init) for Motor_Init
    empty.o(.text.main) refers to motor.o(.text.delay_ms) for delay_ms
    empty.o(.text.main) refers to imu.o(.text.IMU_Init) for IMU_Init
    empty.o(.text.main) refers to oled.o(.text.OLED_Init) for OLED_Init
    empty.o(.text.main) refers to oled.o(.text.OLED_ShowString) for OLED_ShowString
    empty.o(.text.main) refers to oled.o(.text.OLED_Refresh) for OLED_Refresh
    empty.o(.text.main) refers to motor.o(.text.Motor_Stop) for Motor_Stop
    empty.o(.text.main) refers to grayscale.o(.text.Grayscale_Init) for Grayscale_Init
    empty.o(.text.main) refers to oled.o(.text.OLED_ShowChar) for OLED_ShowChar
    empty.o(.text.main) refers to oled.o(.text.OLED_ClearLine) for OLED_ClearLine
    empty.o(.text.main) refers to oled.o(.text.OLED_ShowNum) for OLED_ShowNum
    empty.o(.text.main) refers to motor.o(.text.Motor_GetTickMs) for Motor_GetTickMs
    empty.o(.text.main) refers to grayscale.o(.text.Grayscale_Read) for Grayscale_Read
    empty.o(.text.main) refers to grayscale.o(.text.Grayscale_GetError) for Grayscale_GetError
    empty.o(.text.main) refers to empty.o(.rodata.str1.1) for [Anonymous Symbol]
    empty.o(.ARM.exidx.text.main) refers to empty.o(.text.main) for [Anonymous Symbol]
    startup_mspm0g350x_uvision.o(STACK) refers (Special) to heapauxi.o(.text) for __use_two_region_memory
    startup_mspm0g350x_uvision.o(HEAP) refers (Special) to heapauxi.o(.text) for __use_two_region_memory
    startup_mspm0g350x_uvision.o(RESET) refers (Special) to heapauxi.o(.text) for __use_two_region_memory
    startup_mspm0g350x_uvision.o(RESET) refers to startup_mspm0g350x_uvision.o(STACK) for __initial_sp
    startup_mspm0g350x_uvision.o(RESET) refers to startup_mspm0g350x_uvision.o(.text) for Reset_Handler
    startup_mspm0g350x_uvision.o(RESET) refers to motor.o(.text.SysTick_Handler) for SysTick_Handler
    startup_mspm0g350x_uvision.o(RESET) refers to motor.o(.text.TIMG8_IRQHandler) for TIMG8_IRQHandler
    startup_mspm0g350x_uvision.o(RESET) refers to imu.o(.text.UART1_IRQHandler) for UART1_IRQHandler
    startup_mspm0g350x_uvision.o(RESET) refers to motor.o(.text.TIMG0_IRQHandler) for TIMG0_IRQHandler
    startup_mspm0g350x_uvision.o(.text) refers (Special) to heapauxi.o(.text) for __use_two_region_memory
    startup_mspm0g350x_uvision.o(.text) refers to __main.o(!!!main) for __main
    startup_mspm0g350x_uvision.o(.text) refers to startup_mspm0g350x_uvision.o(HEAP) for Heap_Mem
    startup_mspm0g350x_uvision.o(.text) refers to startup_mspm0g350x_uvision.o(STACK) for Stack_Mem
    ti_msp_dl_config.o(.text.SYSCFG_DL_init) refers to ti_msp_dl_config.o(.text.SYSCFG_DL_initPower) for SYSCFG_DL_initPower
    ti_msp_dl_config.o(.text.SYSCFG_DL_init) refers to ti_msp_dl_config.o(.text.SYSCFG_DL_GPIO_init) for SYSCFG_DL_GPIO_init
    ti_msp_dl_config.o(.text.SYSCFG_DL_init) refers to ti_msp_dl_config.o(.text.SYSCFG_DL_SYSCTL_init) for SYSCFG_DL_SYSCTL_init
    ti_msp_dl_config.o(.text.SYSCFG_DL_init) refers to ti_msp_dl_config.o(.text.SYSCFG_DL_I2C_OLED_init) for SYSCFG_DL_I2C_OLED_init
    ti_msp_dl_config.o(.text.SYSCFG_DL_init) refers to ti_msp_dl_config.o(.text.SYSCFG_DL_PWM_LEFT_init) for SYSCFG_DL_PWM_LEFT_init
    ti_msp_dl_config.o(.text.SYSCFG_DL_init) refers to ti_msp_dl_config.o(.text.SYSCFG_DL_PWM_RIGHT_init) for SYSCFG_DL_PWM_RIGHT_init
    ti_msp_dl_config.o(.text.SYSCFG_DL_init) refers to ti_msp_dl_config.o(.text.SYSCFG_DL_UART_IMU_init) for SYSCFG_DL_UART_IMU_init
    ti_msp_dl_config.o(.text.SYSCFG_DL_init) refers to ti_msp_dl_config.o(.text.SYSCFG_DL_ENCODER_LEFT_init) for SYSCFG_DL_ENCODER_LEFT_init
    ti_msp_dl_config.o(.text.SYSCFG_DL_init) refers to ti_msp_dl_config.o(.text.SYSCFG_DL_ENCODER_RIGHT_init) for SYSCFG_DL_ENCODER_RIGHT_init
    ti_msp_dl_config.o(.ARM.exidx.text.SYSCFG_DL_init) refers to ti_msp_dl_config.o(.text.SYSCFG_DL_init) for [Anonymous Symbol]
    ti_msp_dl_config.o(.text.SYSCFG_DL_initPower) refers to dl_common.o(.text.DL_Common_delayCycles) for DL_Common_delayCycles
    ti_msp_dl_config.o(.ARM.exidx.text.SYSCFG_DL_initPower) refers to ti_msp_dl_config.o(.text.SYSCFG_DL_initPower) for [Anonymous Symbol]
    ti_msp_dl_config.o(.ARM.exidx.text.SYSCFG_DL_GPIO_init) refers to ti_msp_dl_config.o(.text.SYSCFG_DL_GPIO_init) for [Anonymous Symbol]
    ti_msp_dl_config.o(.ARM.exidx.text.SYSCFG_DL_SYSCTL_init) refers to ti_msp_dl_config.o(.text.SYSCFG_DL_SYSCTL_init) for [Anonymous Symbol]
    ti_msp_dl_config.o(.text.SYSCFG_DL_I2C_OLED_init) refers to dl_i2c.o(.text.DL_I2C_setClockConfig) for DL_I2C_setClockConfig
[...]
    ../clib/signal.c                         0x00000000   Number         0  defsig_rtmem_outer.o ABSOLUTE
    ../clib/signal.c                         0x00000000   Number         0  defsig_rtmem_formal.o ABSOLUTE
    ../clib/signal.c                         0x00000000   Number         0  defsig_stak_inner.o ABSOLUTE
    ../clib/signal.c                         0x00000000   Number         0  defsig_pvfn_inner.o ABSOLUTE
    ../clib/signal.c                         0x00000000   Number         0  defsig_cppl_inner.o ABSOLUTE
    ../clib/signal.c                         0x00000000   Number         0  defsig_segv_inner.o ABSOLUTE
    ../clib/signal.c                         0x00000000   Number         0  defsig_other.o ABSOLUTE
    ../clib/signal.s                         0x00000000   Number         0  defsig.o ABSOLUTE
    ../clib/stdlib.c                         0x00000000   Number         0  exit.o ABSOLUTE
    ../fplib/cfplib/cmp.c                    0x00000000   Number         0  fcmp.o ABSOLUTE
    ../fplib/cfplib/cmpret.c                 0x00000000   Number         0  cmpret.o ABSOLUTE
    ../fplib/cfplib/fcmpin.c                 0x00000000   Number         0  fcmpin.o ABSOLUTE
    ../fplib/cfplib/fdiv.c                   0x00000000   Number         0  fdiv.o ABSOLUTE
    ../fplib/cfplib/ffix.c                   0x00000000   Number         0  ffixi.o ABSOLUTE
    ../fplib/cfplib/ffix.c                   0x00000000   Number         0  ffixui.o ABSOLUTE
    ../fplib/cfplib/fflt.c                   0x00000000   Number         0  fflti.o ABSOLUTE
    ../fplib/cfplib/fpinit.c                 0x00000000   Number         0  fpinit.o ABSOLUTE
    ../fplib/cfplib/nan2.c                   0x00000000   Number         0  fnan2.o ABSOLUTE
    ../fplib/cfplib/retnan.c                 0x00000000   Number         0  retnan.o ABSOLUTE
    ../fplib/faddsub6m.s                     0x00000000   Number         0  faddsub.o ABSOLUTE
    ../fplib/feqf6m.s                        0x00000000   Number         0  feqf.o ABSOLUTE
    ../fplib/fgeqf6m.s                       0x00000000   Number         0  fgef.o ABSOLUTE
    ../fplib/fleqf6m.s                       0x00000000   Number         0  flef.o ABSOLUTE
    ../fplib/fmul6m.s                        0x00000000   Number         0  fmul.o ABSOLUTE
    ../fplib/usenofp.s                       0x00000000   Number         0  usenofp.o ABSOLUTE
    buzzer.c                                 0x00000000   Number         0  buzzer.o ABSOLUTE
    dc.s                                     0x00000000   Number         0  dc.o ABSOLUTE
    dl_common.c                              0x00000000   Number         0  dl_common.o ABSOLUTE
    dl_i2c.c                                 0x00000000   Number         0  dl_i2c.o ABSOLUTE
    dl_timer.c                               0x00000000   Number         0  dl_timer.o ABSOLUTE
    dl_uart.c                                0x00000000   Number         0  dl_uart.o ABSOLUTE
    empty.c                                  0x00000000   Number         0  empty.o ABSOLUTE
    font_5x7.c                               0x00000000   Number         0  font_5x7.o ABSOLUTE
    grayscale.c                              0x00000000   Number         0  grayscale.o ABSOLUTE
    i2c_hal.c                                0x00000000   Number         0  i2c_hal.o ABSOLUTE
    imu.c                                    0x00000000   Number         0  imu.o ABSOLUTE
    motor.c                                  0x00000000   Number         0  motor.o ABSOLUTE
    oled.c                                   0x00000000   Number         0  oled.o ABSOLUTE
    startup_mspm0g350x_uvision.s             0x00000000   Number         0  startup_mspm0g350x_uvision.o ABSOLUTE
    ti_msp_dl_config.c                       0x00000000   Number         0  ti_msp_dl_config.o ABSOLUTE
    RESET                                    0x00000000   Section      192  startup_mspm0g350x_uvision.o(RESET)
    !!!main                                  0x000000c0   Section        8  __main.o(!!!main)
    !!!scatter                               0x000000c8   Section       84  __scatter.o(!!!scatter)
    !!handler_null                           0x00000120   Section        2  __scatter.o(!!handler_null)
    !!handler_zi                             0x00000128   Section       28  __scatter_zi.o(!!handler_zi)
    .ARM.Collect$$libinit$$00000000          0x00000144   Section        2  libinit.o(.ARM.Collect$$libinit$$00000000)
    .ARM.Collect$$libinit$$00000002          0x00000146   Section        0  libinit2.o(.ARM.Collect$$libinit$$00000002)
    .ARM.Collect$$libinit$$00000004          0x00000146   Section        0  libinit2.o(.ARM.Collect$$libinit$$00000004)
    .ARM.Collect$$libinit$$00000006          0x00000146   Section        0  libinit2.o(.ARM.Collect$$libinit$$00000006)
    .ARM.Collect$$libinit$$0000000C          0x00000146   Section        0  libinit2.o(.ARM.Collect$$libinit$$0000000C)
    .ARM.Collect$$libinit$$0000000E          0x00000146   Section        0  libinit2.o(.ARM.Collect$$libinit$$0000000E)
    .ARM.Collect$$libinit$$00000010          0x00000146   Section        0  libinit2.o(.ARM.Collect$$libinit$$00000010)
    .ARM.Collect$$libinit$$00000013          0x00000146   Section        0  libinit2.o(.ARM.Collect$$libinit$$00000013)
    .ARM.Collect$$libinit$$00000015          0x00000146   Section        0  libinit2.o(.ARM.Collect$$libinit$$00000015)
    .ARM.Collect$$libinit$$00000017          0x00000146   Section        0  libinit2.o(.ARM.Collect$$libinit$$00000017)
    .ARM.Collect$$libinit$$00000019          0x00000146   Section        0  libinit2.o(.ARM.Collect$$libinit$$00000019)
    .ARM.Collect$$libinit$$0000001B          0x00000146   Section        0  libinit2.o(.ARM.Collect$$libinit$$0000001B)
    .ARM.Collect$$libinit$$0000001D          0x00000146   Section        0  libinit2.o(.ARM.Collect$$libinit$$0000001D)
    .ARM.Collect$$libinit$$0000001F          0x00000146   Section        0  libinit2.o(.ARM.Collect$$libinit$$0000001F)
    .ARM.Collect$$libinit$$00000021          0x00000146   Section        0  libinit2.o(.ARM.Collect$$libinit$$00000021)
    .ARM.Collect$$libinit$$00000023          0x00000146   Section        0  libinit2.o(.ARM.Collect$$libinit$$00000023)
    .ARM.Collect$$libinit$$00000025          0x00000146   Section        0  libinit2.o(.ARM.Collect$$libinit$$00000025)
    .ARM.Collect$$libinit$$00000027          0x00000146   Section        0  libinit2.o(.ARM.Collect$$libinit$$00000027)
    .ARM.Collect$$libinit$$0000002E          0x00000146   Section        0  libinit2.o(.ARM.Collect$$libinit$$0000002E)
    .ARM.Collect$$libinit$$00000030          0x00000146   Section        0  libinit2.o(.ARM.Collect$$libinit$$00000030)
    .ARM.Collect$$libinit$$00000032          0x00000146   Section        0  libinit2.o(.ARM.Collect$$libinit$$00000032)
    .ARM.Collect$$libinit$$00000034          0x00000146   Section        0  libinit2.o(.ARM.Collect$$libinit$$00000034)
    .ARM.Collect$$libinit$$00000035          0x00000146   Section        2  libinit2.o(.ARM.Collect$$libinit$$00000035)
    .ARM.Collect$$libshutdown$$00000000      0x00000148   Section        2  libshutdown.o(.ARM.Collect$$libshutdown$$00000000)
    .ARM.Collect$$libshutdown$$00000002      0x0000014a   Section        0  libshutdown2.o(.ARM.Collect$$libshutdown$$00000002)
    .ARM.Collect$$libshutdown$$00000004      0x0000014a   Section        0  libshutdown2.o(.ARM.Collect$$libshutdown$$00000004)
    .ARM.Collect$$libshutdown$$00000007      0x0000014a   Section        0  libshutdown2.o(.ARM.Collect$$libshutdown$$00000007)
    .ARM.Collect$$libshutdown$$0000000A      0x0000014a   Section        0  libshutdown2.o(.ARM.Collect$$libshutdown$$0000000A)
    .ARM.Collect$$libshutdown$$0000000C      0x0000014a   Section        0  libshutdown2.o(.ARM.Collect$$libshutdown$$0000000C)
    .ARM.Collect$$libshutdown$$0000000F      0x0000014a   Section        0  libshutdown2.o(.ARM.Collect$$libshutdown$$0000000F)
    .ARM.Collect$$libshutdown$$00000010      0x0000014a   Section        2  libshutdown2.o(.ARM.Collect$$libshutdown$$00000010)
    .ARM.Collect$$rtentry$$00000000          0x0000014c   Section        0  __rtentry.o(.ARM.Collect$$rtentry$$00000000)
    .ARM.Collect$$rtentry$$00000002          0x0000014c   Section        0  __rtentry2.o(.ARM.Collect$$rtentry$$00000002)
    .ARM.Collect$$rtentry$$00000004          0x0000014c   Section        6  __rtentry4.o(.ARM.Collect$$rtentry$$00000004)
    .ARM.Collect$$rtentry$$00000009          0x00000152   Section        0  __rtentry2.o(.ARM.Collect$$rtentry$$00000009)
    .ARM.Collect$$rtentry$$0000000A          0x00000152   Section        4  __rtentry2.o(.ARM.Collect$$rtentry$$0000000A)
    .ARM.Collect$$rtentry$$0000000C          0x00000156   Section        0  __rtentry2.o(.ARM.Collect$$rtentry$$0000000C)
    .ARM.Collect$$rtentry$$0000000D          0x00000156   Section        8  __rtentry2.o(.ARM.Collect$$rtentry$$0000000D)
    .ARM.Collect$$rtexit$$00000000           0x0000015e   Section        2  rtexit.o(.ARM.Collect$$rtexit$$00000000)
    .ARM.Collect$$rtexit$$00000002           0x00000160   Section        0  rtexit2.o(.ARM.Collect$$rtexit$$00000002)
    .ARM.Collect$$rtexit$$00000003           0x00000160   Section        4  rtexit2.o(.ARM.Collect$$rtexit$$00000003)
    .ARM.Collect$$rtexit$$00000004           0x00000164   Section        6  rtexit2.o(.ARM.Collect$$rtexit$$00000004)
    .emb_text                                0x0000016c   Section       56  rt_memcpy.o(.emb_text)
    .text                                    0x000001a4   Section       44  startup_mspm0g350x_uvision.o(.text)
    .text                                    0x000001d0   Section        0  rt_memcpy.o(.text)
    .text                                    0x00000252   Section        0  rt_memclr.o(.text)
    .text                                    0x00000294   Section      504  aeabi_sdivfast.o(.text)
    .text                                    0x0000048c   Section        0  heapauxi.o(.text)
    .text                                    0x00000492   Section        0  fflti.o(.text)
    .text                                    0x000004f0   Section       62  sys_stackheap_outer.o(.text)
    .text                                    0x0000052e   Section        0  exit.o(.text)
    .text                                    0x00000540   Section        8  libspace.o(.text)
    .text                                    0x00000548   Section        0  sys_exit.o(.text)
    .text                                    0x00000554   Section        2  use_no_semi.o(.text)
    [Anonymous Symbol]                       0x00000556   Section        0  dl_common.o(.text.DL_Common_delayCycles)
    .text                                    0x00000556   Section        0  indicate_semi.o(.text)
    [Anonymous Symbol]                       0x00000560   Section        0  i2c_hal.o(.text.DL_I2C_Master_transmit)
    __arm_cp.0_0                             0x000006e0   Number         4  i2c_hal.o(.text.DL_I2C_Master_transmit)
    __arm_cp.0_1                             0x000006e4   Number         4  i2c_hal.o(.text.DL_I2C_Master_transmit)
    __arm_cp.0_2                             0x000006e8   Number         4  i2c_hal.o(.text.DL_I2C_Master_transmit)
    [Anonymous Symbol]                       0x000006ec   Section        0  dl_i2c.o(.text.DL_I2C_fillControllerTXFIFO)
    [Anonymous Symbol]                       0x00000718   Section        0  dl_i2c.o(.text.DL_I2C_flushControllerTXFIFO)
    __arm_cp.3_0                             0x0000073c   Number         4  dl_i2c.o(.text.DL_I2C_flushControllerTXFIFO)
    [Anonymous Symbol]                       0x00000740   Section        0  dl_i2c.o(.text.DL_I2C_setClockConfig)
    [Anonymous Symbol]                       0x00000768   Section        0  dl_timer.o(.text.DL_TimerA_initPWMMode)
    __arm_cp.39_0                            0x000007d8   Number         4  dl_timer.o(.text.DL_TimerA_initPWMMode)
    [Anonymous Symbol]                       0x000007dc   Section        0  dl_timer.o(.text.DL_Timer_initCaptureMode)
    __arm_cp.5_1                             0x000008d0   Number         4  dl_timer.o(.text.DL_Timer_initCaptureMode)
    __arm_cp.5_2                             0x000008d4   Number         4  dl_timer.o(.text.DL_Timer_initCaptureMode)
    __arm_cp.5_4                             0x000008d8   Number         4  dl_timer.o(.text.DL_Timer_initCaptureMode)
    __arm_cp.5_5                             0x000008dc   Number         4  dl_timer.o(.text.DL_Timer_initCaptureMode)
    [Anonymous Symbol]                       0x000008e0   Section        0  dl_timer.o(.text.DL_Timer_initPWMMode)
    __arm_cp.11_0                            0x0000098c   Number         4  dl_timer.o(.text.DL_Timer_initPWMMode)
    __arm_cp.11_1                            0x00000990   Number         4  dl_timer.o(.text.DL_Timer_initPWMMode)
    __arm_cp.11_2                            0x00000994   Number         4  dl_timer.o(.text.DL_Timer_initPWMMode)
    __arm_cp.11_3                            0x00000998   Number         4  dl_timer.o(.text.DL_Timer_initPWMMode)
    __arm_cp.11_4                            0x0000099c   Number         4  dl_timer.o(.text.DL_Timer_initPWMMode)
    __arm_cp.11_5                            0x000009a0   Number         4  dl_timer.o(.text.DL_Timer_initPWMMode)
    __arm_cp.11_6                            0x000009a4   Number         4  dl_timer.o(.text.DL_Timer_initPWMMode)
    [Anonymous Symbol]                       0x000009a8   Section        0  dl_timer.o(.text.DL_Timer_setCaptureCompareOutCtl)
    __arm_cp.13_0                            0x000009bc   Number         4  dl_timer.o(.text.DL_Timer_setCaptureCompareOutCtl)
    [Anonymous Symbol]                       0x000009c0   Section        0  dl_timer.o(.text.DL_Timer_setCaptureCompareValue)
    __arm_cp.3_0                             0x000009cc   Number         4  dl_timer.o(.text.DL_Timer_setCaptureCompareValue)
    [Anonymous Symbol]                       0x000009d0   Section        0  dl_timer.o(.text.DL_Timer_setClockConfig)
    __arm_cp.0_0                             0x000009e8   Number         4  dl_timer.o(.text.DL_Timer_setClockConfig)
    [Anonymous Symbol]                       0x000009ec   Section        0  dl_uart.o(.text.DL_UART_configBaudRate)
    __arm_cp.3_0                             0x00000a70   Number         4  dl_uart.o(.text.DL_UART_configBaudRate)
    __arm_cp.3_1                             0x00000a74   Number         4  dl_uart.o(.text.DL_UART_configBaudRate)
    [Anonymous Symbol]                       0x00000a78   Section        0  dl_uart.o(.text.DL_UART_init)
    __arm_cp.0_0                             0x00000ab8   Number         4  dl_uart.o(.text.DL_UART_init)
    __arm_cp.0_1                             0x00000abc   Number         4  dl_uart.o(.text.DL_UART_init)
    [Anonymous Symbol]                       0x00000ac0   Section        0  dl_uart.o(.text.DL_UART_setClockConfig)
    [Anonymous Symbol]                       0x00000ad4   Section        0  grayscale.o(.text.Grayscale_GetError)
    __arm_cp.2_2                             0x00000b88   Number         4  grayscale.o(.text.Grayscale_GetError)
    [Anonymous Symbol]                       0x00000b8c   Section        0  grayscale.o(.text.Grayscale_Init)
    [Anonymous Symbol]                       0x00000b90   Section        0  grayscale.o(.text.Grayscale_Read)
    __arm_cp.1_0                             0x00000bd0   Number         4  grayscale.o(.text.Grayscale_Read)
    __arm_cp.1_1                             0x00000bd4   Number         4  grayscale.o(.text.Grayscale_Read)
    [Anonymous Symbol]                       0x00000bd8   Section        0  imu.o(.text.IMU_Init)
    __arm_cp.0_0                             0x00000c98   Number         4  imu.o(.text.IMU_Init)
    __arm_cp.0_1                             0x00000c9c   Number         4  imu.o(.text.IMU_Init)
    __arm_cp.0_2                             0x00000ca0   Number         4  imu.o(.text.IMU_Init)
    __arm_cp.0_3                             0x00000ca4   Number         4  imu.o(.text.IMU_Init)
    __arm_cp.0_4                             0x00000ca8   Number         4  imu.o(.text.IMU_Init)
    __arm_cp.0_5                             0x00000cac   Number         4  imu.o(.text.IMU_Init)
    __arm_cp.0_6                             0x00000cb0   Number         4  imu.o(.text.IMU_Init)
    __arm_cp.0_7                             0x00000cb4   Number         4  imu.o(.text.IMU_Init)
    __arm_cp.0_8                             0x00000cb8   Number         4  imu.o(.text.IMU_Init)
    __arm_cp.0_9                             0x00000cbc   Number         4  imu.o(.text.IMU_Init)
    __arm_cp.0_10                            0x00000cc0   Number         4  imu.o(.text.IMU_Init)
    __arm_cp.0_11                            0x00000cc4   Number         4  imu.o(.text.IMU_Init)
    __arm_cp.0_12                            0x00000cc8   Number         4  imu.o(.text.IMU_Init)
    __arm_cp.0_13                            0x00000ccc   Number         4  imu.o(.text.IMU_Init)
    __arm_cp.0_14                            0x00000cd0   Number         4  imu.o(.text.IMU_Init)
    __arm_cp.0_15                            0x00000cd4   Number         4  imu.o(.text.IMU_Init)
    __arm_cp.0_16                            0x00000cd8   Number         4  imu.o(.text.IMU_Init)
    __arm_cp.0_17                            0x00000cdc   Number         4  imu.o(.text.IMU_Init)
    __arm_cp.0_18                            0x00000ce0   Number         4  imu.o(.text.IMU_Init)
    __arm_cp.0_19                            0x00000ce4   Number         4  imu.o(.text.IMU_Init)
    __arm_cp.0_20                            0x00000ce8   Number         4  imu.o(.text.IMU_Init)
    __arm_cp.0_21                            0x00000cec   Number         4  imu.o(.text.IMU_Init)
    __arm_cp.0_22                            0x00000cf0   Number         4  imu.o(.text.IMU_Init)
    __arm_cp.0_23                            0x00000cf4   Number         4  imu.o(.text.IMU_Init)
    __arm_cp.0_24                            0x00000cf8   Number         4  imu.o(.text.IMU_Init)
    __arm_cp.0_25                            0x00000cfc   Number         4  imu.o(.text.IMU_Init)
    [Anonymous Symbol]                       0x00000d00   Section        0  motor.o(.text.Motor_GetTickMs)
    __arm_cp.2_0                             0x00000d08   Number         4  motor.o(.text.Motor_GetTickMs)
    [Anonymous Symbol]                       0x00000d0c   Section        0  motor.o(.text.Motor_Init)
    __arm_cp.8_0                             0x00000d70   Number         4  motor.o(.text.Motor_Init)
    __arm_cp.8_1                             0x00000d74   Number         4  motor.o(.text.Motor_Init)
    __arm_cp.8_2                             0x00000d78   Number         4  motor.o(.text.Motor_Init)
    __arm_cp.8_9                             0x00000d7c   Number         4  motor.o(.text.Motor_Init)
    __arm_cp.8_10                            0x00000d80   Number         4  motor.o(.text.Motor_Init)
    __arm_cp.8_11                            0x00000d84   Number         4  motor.o(.text.Motor_Init)
    __arm_cp.8_12                            0x00000d88   Number         4  motor.o(.text.Motor_Init)
    __arm_cp.8_13                            0x00000d8c   Number         4  motor.o(.text.Motor_Init)
    [Anonymous Symbol]                       0x00000d90   Section        0  motor.o(.text.Motor_Stop)
    __arm_cp.9_0                             0x00000dc4   Number         4  motor.o(.text.Motor_Stop)
    __arm_cp.9_1                             0x00000dc8   Number         4  motor.o(.text.Motor_Stop)
    __arm_cp.9_2                             0x00000dcc   Number         4  motor.o(.text.Motor_Stop)
    __arm_cp.9_3                             0x00000dd0   Number         4  motor.o(.text.Motor_Stop)
    __arm_cp.9_4                             0x00000dd4   Number         4  motor.o(.text.Motor_Stop)
    __arm_cp.9_5                             0x00000dd8   Number         4  motor.o(.text.Motor_Stop)
    [Anonymous Symbol]                       0x00000ddc   Section        0  oled.o(.text.OLED_ClearLine)
    [Anonymous Symbol]                       0x00000df4   Section        0  oled.o(.text.OLED_Init)
    __arm_cp.7_0                             0x00001070   Number         4  oled.o(.text.OLED_Init)
    [Anonymous Symbol]                       0x00001074   Section        0  oled.o(.text.OLED_Refresh)
    __arm_cp.1_0                             0x00001100   Number         4  oled.o(.text.OLED_Refresh)
    __arm_cp.1_1                             0x00001104   Number         4  oled.o(.text.OLED_Refresh)
    __arm_cp.1_2                             0x00001108   Number         4  oled.o(.text.OLED_Refresh)
    __arm_cp.1_3                             0x0000110c   Number         4  oled.o(.text.OLED_Refresh)
    [Anonymous Symbol]                       0x00001110   Section        0  oled.o(.text.OLED_ShowChar)
    __arm_cp.3_0                             0x000014f4   Number         4  oled.o(.text.OLED_ShowChar)
    __arm_cp.3_1                             0x000014f8   Number         4  oled.o(.text.OLED_ShowChar)
    [Anonymous Symbol]                       0x000014fc   Section        0  oled.o(.text.OLED_ShowNum)
    __arm_cp.5_0                             0x000016c4   Number         4  oled.o(.text.OLED_ShowNum)
    __arm_cp.5_1                             0x000016c8   Number         4  oled.o(.text.OLED_ShowNum)
    __arm_cp.5_2                             0x000016cc   Number         4  oled.o(.text.OLED_ShowNum)
    __arm_cp.5_3                             0x000016d0   Number         4  oled.o(.text.OLED_ShowNum)
    __arm_cp.5_4                             0x000016d4   Number         4  oled.o(.text.OLED_ShowNum)
    __arm_cp.5_5                             0x000016d8   Number         4  oled.o(.text.OLED_ShowNum)
    [Anonymous Symbol]                       0x000016dc   Section        0  oled.o(.text.OLED_ShowString)
    [Anonymous Symbol]                       0x00001738   Section        0  ti_msp_dl_config.o(.text.SYSCFG_DL_ENCODER_LEFT_init)
    __arm_cp.8_0                             0x00001774   Number         4  ti_msp_dl_config.o(.text.SYSCFG_DL_ENCODER_LEFT_init)
    __arm_cp.8_1                             0x00001778   Number         4  ti_msp_dl_config.o(.text.SYSCFG_DL_ENCODER_LEFT_init)
    __arm_cp.8_2                             0x0000177c   Number         4  ti_msp_dl_config.o(.text.SYSCFG_DL_ENCODER_LEFT_init)
    __arm_cp.8_3                             0x00001780   Number         4  ti_msp_dl_config.o(.text.SYSCFG_DL_ENCODER_LEFT_init)
    __arm_cp.8_4                             0x00001784   Number         4  ti_msp_dl_config.o(.text.SYSCFG_DL_ENCODER_LEFT_init)
    __arm_cp.8_6                             0x00001788   Number         4  ti_msp_dl_config.o(.text.SYSCFG_DL_ENCODER_LEFT_init)
    [Anonymous Symbol]                       0x0000178c   Section        0  ti_msp_dl_config.o(.text.SYSCFG_DL_ENCODER_RIGHT_init)
    __arm_cp.9_0                             0x000017c8   Number         4  ti_msp_dl_config.o(.text.SYSCFG_DL_ENCODER_RIGHT_init)
    __arm_cp.9_1                             0x000017cc   Number         4  ti_msp_dl_config.o(.text.SYSCFG_DL_ENCODER_RIGHT_init)
    __arm_cp.9_2                             0x000017d0   Number         4  ti_msp_dl_config.o(.text.SYSCFG_DL_ENCODER_RIGHT_init)
    __arm_cp.9_3                             0x000017d4   Number         4  ti_msp_dl_config.o(.text.SYSCFG_DL_ENCODER_RIGHT_init)
    __arm_cp.9_4                             0x000017d8   Number         4  ti_msp_dl_config.o(.text.SYSCFG_DL_ENCODER_RIGHT_init)
    __arm_cp.9_6                             0x000017dc   Number         4  ti_msp_dl_config.o(.text.SYSCFG_DL_ENCODER_RIGHT_init)
    [Anonymous Symbol]                       0x000017e0   Section        0  ti_msp_dl_config.o(.text.SYSCFG_DL_GPIO_init)
    __arm_cp.2_0                             0x00001848   Number         4  ti_msp_dl_config.o(.text.SYSCFG_DL_GPIO_init)
    __arm_cp.2_1                             0x0000184c   Number         4  ti_msp_dl_config.o(.text.SYSCFG_DL_GPIO_init)
    __arm_cp.2_2                             0x00001850   Number         4  ti_msp_dl_config.o(.text.SYSCFG_DL_GPIO_init)
    __arm_cp.2_3                             0x00001854   Number         4  ti_msp_dl_config.o(.text.SYSCFG_DL_GPIO_init)
    __arm_cp.2_4                             0x00001858   Number         4  ti_msp_dl_config.o(.text.SYSCFG_DL_GPIO_init)
    [Anonymous Symbol]                       0x0000185c   Section        0  ti_msp_dl_config.o(.text.SYSCFG_DL_I2C_OLED_init)
    __arm_cp.4_0                             0x000018a8   Number         4  ti_msp_dl_config.o(.text.SYSCFG_DL_I2C_OLED_init)
    __arm_cp.4_1                             0x000018ac   Number         4  ti_msp_dl_config.o(.text.SYSCFG_DL_I2C_OLED_init)
    __arm_cp.4_2                             0x000018b0   Number         4  ti_msp_dl_config.o(.text.SYSCFG_DL_I2C_OLED_init)
    [Anonymous Symbol]                       0x000018b4   Section        0  ti_msp_dl_config.o(.text.SYSCFG_DL_PWM_LEFT_init)
    __arm_cp.5_0                             0x000018f0   Number         4  ti_msp_dl_config.o(.text.SYSCFG_DL_PWM_LEFT_init)
    __arm_cp.5_1                             0x000018f4   Number         4  ti_msp_dl_config.o(.text.SYSCFG_DL_PWM_LEFT_init)
    __arm_cp.5_2                             0x000018f8   Number         4  ti_msp_dl_config.o(.text.SYSCFG_DL_PWM_LEFT_init)
    __arm_cp.5_3                             0x000018fc   Number         4  ti_msp_dl_config.o(.text.SYSCFG_DL_PWM_LEFT_init)
    [Anonymous Symbol]                       0x00001900   Section        0  ti_msp_dl_config.o(.text.SYSCFG_DL_PWM_RIGHT_init)
    __arm_cp.6_0                             0x00001940   Number         4  ti_msp_dl_config.o(.text.SYSCFG_DL_PWM_RIGHT_init)
    __arm_cp.6_1                             0x00001944   Number         4  ti_msp_dl_config.o(.text.SYSCFG_DL_PWM_RIGHT_init)
    __arm_cp.6_2                             0x00001948   Number         4  ti_msp_dl_config.o(.text.SYSCFG_DL_PWM_RIGHT_init)
    __arm_cp.6_3                             0x0000194c   Number         4  ti_msp_dl_config.o(.text.SYSCFG_DL_PWM_RIGHT_init)
    [Anonymous Symbol]                       0x00001950   Section        0  ti_msp_dl_config.o(.text.SYSCFG_DL_SYSCTL_init)
    __arm_cp.3_0                             0x00001988   Number         4  ti_msp_dl_config.o(.text.SYSCFG_DL_SYSCTL_init)
    __arm_cp.3_1                             0x0000198c   Number         4  ti_msp_dl_config.o(.text.SYSCFG_DL_SYSCTL_init)
    [Anonymous Symbol]                       0x00001990   Section        0  ti_msp_dl_config.o(.text.SYSCFG_DL_UART_IMU_init)
    __arm_cp.7_0                             0x000019e4   Number         4  ti_msp_dl_config.o(.text.SYSCFG_DL_UART_IMU_init)
    __arm_cp.7_1                             0x000019e8   Number         4  ti_msp_dl_config.o(.text.SYSCFG_DL_UART_IMU_init)
    __arm_cp.7_2                             0x000019ec   Number         4  ti_msp_dl_config.o(.text.SYSCFG_DL_UART_IMU_init)
    __arm_cp.7_3                             0x000019f0   Number         4  ti_msp_dl_config.o(.text.SYSCFG_DL_UART_IMU_init)
    __arm_cp.7_4                             0x000019f4   Number         4  ti_msp_dl_config.o(.text.SYSCFG_DL_UART_IMU_init)
    __arm_cp.7_5                             0x000019f8   Number         4  ti_msp_dl_config.o(.text.SYSCFG_DL_UART_IMU_init)
    __arm_cp.7_6                             0x000019fc   Number         4  ti_msp_dl_config.o(.text.SYSCFG_DL_UART_IMU_init)
    __arm_cp.7_7                             0x00001a00   Number         4  ti_msp_dl_config.o(.text.SYSCFG_DL_UART_IMU_init)
    [Anonymous Symbol]                       0x00001a04   Section        0  ti_msp_dl_config.o(.text.SYSCFG_DL_init)
    [Anonymous Symbol]                       0x00001a2c   Section        0  ti_msp_dl_config.o(.text.SYSCFG_DL_initPower)
    __arm_cp.1_0                             0x00001a74   Number         4  ti_msp_dl_config.o(.text.SYSCFG_DL_initPower)
    __arm_cp.1_1                             0x00001a78   Number         4  ti_msp_dl_config.o(.text.SYSCFG_DL_initPower)
    __arm_cp.1_2                             0x00001a7c   Number         4  ti_msp_dl_config.o(.text.SYSCFG_DL_initPower)
    __arm_cp.1_3                             0x00001a80   Number         4  ti_msp_dl_config.o(.text.SYSCFG_DL_initPower)
    __arm_cp.1_4                             0x00001a84   Number         4  ti_msp_dl_config.o(.text.SYSCFG_DL_initPower)
    __arm_cp.1_5                             0x00001a88   Number         4  ti_msp_dl_config.o(.text.SYSCFG_DL_initPower)
    __arm_cp.1_6                             0x00001a8c   Number         4  ti_msp_dl_config.o(.text.SYSCFG_DL_initPower)
    __arm_cp.1_7                             0x00001a90   Number         4  ti_msp_dl_config.o(.text.SYSCFG_DL_initPower)
    __arm_cp.1_8                             0x00001a94   Number         4  ti_msp_dl_config.o(.text.SYSCFG_DL_initPower)
    __arm_cp.1_9                             0x00001a98   Number         4  ti_msp_dl_config.o(.text.SYSCFG_DL_initPower)
    [Anonymous Symbol]                       0x00001a9c   Section        0  motor.o(.text.SysTick_Handler)
    [Anonymous Symbol]                       0x00001aa8   Section        0  motor.o(.text.TIMG0_IRQHandler)
    __arm_cp.19_0                            0x00001ad0   Number         4  motor.o(.text.TIMG0_IRQHandler)
    __arm_cp.19_2                            0x00001ad4   Number         4  motor.o(.text.TIMG0_IRQHandler)
    __arm_cp.19_3                            0x00001ad8   Number         4  motor.o(.text.TIMG0_IRQHandler)
    [Anonymous Symbol]                       0x00001adc   Section        0  motor.o(.text.TIMG8_IRQHandler)
    __arm_cp.20_0                            0x00001b04   Number         4  motor.o(.text.TIMG8_IRQHandler)
    __arm_cp.20_2                            0x00001b08   Number         4  motor.o(.text.TIMG8_IRQHandler)
    __arm_cp.20_3                            0x00001b0c   Number         4  motor.o(.text.TIMG8_IRQHandler)
    [Anonymous Symbol]                       0x00001b10   Section        0  imu.o(.text.UART1_IRQHandler)
    __arm_cp.25_0                            0x00001c5c   Number         4  imu.o(.text.UART1_IRQHandler)
    __arm_cp.25_1                            0x00001c60   Number         4  imu.o(.text.UART1_IRQHandler)
    __arm_cp.25_2                            0x00001c64   Number         4  imu.o(.text.UART1_IRQHandler)
    __arm_cp.25_3                            0x00001c68   Number         4  imu.o(.text.UART1_IRQHandler)
    __arm_cp.25_4                            0x00001c6c   Number         4  imu.o(.text.UART1_IRQHandler)
    __arm_cp.25_5                            0x00001c70   Number         4  imu.o(.text.UART1_IRQHandler)
    __arm_cp.25_6                            0x00001c74   Number         4  imu.o(.text.UART1_IRQHandler)
    __arm_cp.25_7                            0x00001c78   Number         4  imu.o(.text.UART1_IRQHandler)
    __arm_cp.25_8                            0x00001c7c   Number         4  imu.o(.text.UART1_IRQHandler)
    __arm_cp.25_9                            0x00001c80   Number         4  imu.o(.text.UART1_IRQHandler)
    __arm_cp.25_10                           0x00001c84   Number         4  imu.o(.text.UART1_IRQHandler)
    __arm_cp.25_11                           0x00001c88   Number         4  imu.o(.text.UART1_IRQHandler)
    __arm_cp.25_12                           0x00001c8c   Number         4  imu.o(.text.UART1_IRQHandler)
    __arm_cp.25_14                           0x00001c90   Number         4  imu.o(.text.UART1_IRQHandler)
    __arm_cp.25_15                           0x00001c94   Number         4  imu.o(.text.UART1_IRQHandler)
    __arm_cp.25_16                           0x00001c98   Number         4  imu.o(.text.UART1_IRQHandler)
    __arm_cp.25_17                           0x00001c9c   Number         4  imu.o(.text.UART1_IRQHandler)
    [Anonymous Symbol]                       0x00001ca0   Section        0  motor.o(.text.delay_ms)
    __arm_cp.3_0                             0x00001cc8   Number         4  motor.o(.text.delay_ms)
    [Anonymous Symbol]                       0x00001ccc   Section        0  empty.o(.text.main)
    __arm_cp.0_0                             0x00001e98   Number         4  empty.o(.text.main)
    parse_attitude_payload                   0x00001edd   Thumb Code    96  imu.o(.text.parse_attitude_payload)
    [Anonymous Symbol]                       0x00001edc   Section        0  imu.o(.text.parse_attitude_payload)
    __arm_cp.28_1                            0x00001f3c   Number         4  imu.o(.text.parse_attitude_payload)
    __arm_cp.28_2                            0x00001f40   Number         4  imu.o(.text.parse_attitude_payload)
    __arm_cp.28_3                            0x00001f44   Number         4  imu.o(.text.parse_attitude_payload)
    __arm_cp.28_4                            0x00001f48   Number         4  imu.o(.text.parse_attitude_payload)
    __arm_cp.28_5                            0x00001f4c   Number         4  imu.o(.text.parse_attitude_payload)
    __arm_cp.28_6                            0x00001f50   Number         4  imu.o(.text.parse_attitude_payload)
    parse_payload_values                     0x00001f55   Thumb Code    44  imu.o(.text.parse_payload_values)
    [Anonymous Symbol]                       0x00001f54   Section        0  imu.o(.text.parse_payload_values)
    __arm_cp.26_0                            0x00001f80   Number         4  imu.o(.text.parse_payload_values)
    update_heading_integral                  0x00001f85   Thumb Code   120  imu.o(.text.update_heading_integral)
    [Anonymous Symbol]                       0x00001f84   Section        0  imu.o(.text.update_heading_integral)
    __arm_cp.27_0                            0x00001ffc   Number         4  imu.o(.text.update_heading_integral)
    __arm_cp.27_1                            0x00002000   Number         4  imu.o(.text.update_heading_integral)
    __arm_cp.27_2                            0x00002004   Number         4  imu.o(.text.update_heading_integral)
    __arm_cp.27_3                            0x00002008   Number         4  imu.o(.text.update_heading_integral)
    __arm_cp.27_4                            0x0000200c   Number         4  imu.o(.text.update_heading_integral)
    __arm_cp.27_5                            0x00002010   Number         4  imu.o(.text.update_heading_integral)
    __arm_cp.27_6                            0x00002014   Number         4  imu.o(.text.update_heading_integral)
    .text_divfast                            0x00002018   Section      502  aeabi_sdivfast.o(.text_divfast)
    x$fpl$fmul                               0x00002210   Section      176  fmul.o(x$fpl$fmul)
    [Anonymous Symbol]                       0x000022c0   Section        0  dl_timer.o(.rodata..Lswitch.table.DL_Timer_initCompareMode)
    x$fpl$usenofp                            0x000022c0   Section        0  usenofp.o(x$fpl$usenofp)
    gENC_LEFT_CaptureConfig                  0x000024ac   Data          16  ti_msp_dl_config.o(.rodata.gENC_LEFT_CaptureConfig)
    [Anonymous Symbol]                       0x000024ac   Section        0  ti_msp_dl_config.o(.rodata.gENC_LEFT_CaptureConfig)
    gENC_LEFT_ClockConfig                    0x000024bc   Data           3  ti_msp_dl_config.o(.rodata.gENC_LEFT_ClockConfig)
    [Anonymous Symbol]                       0x000024bc   Section        0  ti_msp_dl_config.o(.rodata.gENC_LEFT_ClockConfig)
    gENC_RIGHT_CaptureConfig                 0x000024c0   Data          16  ti_msp_dl_config.o(.rodata.gENC_RIGHT_CaptureConfig)
    [Anonymous Symbol]                       0x000024c0   Section        0  ti_msp_dl_config.o(.rodata.gENC_RIGHT_CaptureConfig)
    gENC_RIGHT_ClockConfig                   0x000024d0   Data           3  ti_msp_dl_config.o(.rodata.gENC_RIGHT_ClockConfig)
    [Anonymous Symbol]                       0x000024d0   Section        0  ti_msp_dl_config.o(.rodata.gENC_RIGHT_ClockConfig)
    gI2C_OLEDClockConfig                     0x000024d3   Data           2  ti_msp_dl_config.o(.rodata.gI2C_OLEDClockConfig)
    [Anonymous Symbol]                       0x000024d3   Section        0  ti_msp_dl_config.o(.rodata.gI2C_OLEDClockConfig)
    gPWM_LEFT_ClockConfig                    0x000024d5   Data           3  ti_msp_dl_config.o(.rodata.gPWM_LEFT_ClockConfig)
    [Anonymous Symbol]                       0x000024d5   Section        0  ti_msp_dl_config.o(.rodata.gPWM_LEFT_ClockConfig)
    gPWM_LEFT_PWMConfig                      0x000024d8   Data           8  ti_msp_dl_config.o(.rodata.gPWM_LEFT_PWMConfig)
    [Anonymous Symbol]                       0x000024d8   Section        0  ti_msp_dl_config.o(.rodata.gPWM_LEFT_PWMConfig)
    gPWM_RIGHT_ClockConfig                   0x000024e0   Data           3  ti_msp_dl_config.o(.rodata.gPWM_RIGHT_ClockConfig)
    [Anonymous Symbol]                       0x000024e0   Section        0  ti_msp_dl_config.o(.rodata.gPWM_RIGHT_ClockConfig)
    gPWM_RIGHT_PWMConfig                     0x000024e4   Data           8  ti_msp_dl_config.o(.rodata.gPWM_RIGHT_PWMConfig)
    [Anonymous Symbol]                       0x000024e4   Section        0  ti_msp_dl_config.o(.rodata.gPWM_RIGHT_PWMConfig)
    gUART_IMU_ClockConfig                    0x000024ec   Data           2  ti_msp_dl_config.o(.rodata.gUART_IMU_ClockConfig)
    [Anonymous Symbol]                       0x000024ec   Section        0  ti_msp_dl_config.o(.rodata.gUART_IMU_ClockConfig)
    gUART_IMU_Config                         0x000024ee   Data          10  ti_msp_dl_config.o(.rodata.gUART_IMU_Config)
    [Anonymous Symbol]                       0x000024ee   Section        0  ti_msp_dl_config.o(.rodata.gUART_IMU_Config)
    __tagsym$$used.0                         0x000024f8   Number         0  empty.o(.rodata.g_flash_program_padding)
    [Anonymous Symbol]                       0x00002504   Section        0  empty.o(.rodata.str1.1)
    .bss                                     0x20200000   Section       96  libspace.o(.bss)
    Grayscale_GetError.last_error            0x20200060   Data           2  grayscale.o(.bss.Grayscale_GetError.last_error)
    [Anonymous Symbol]                       0x20200060   Section        0  grayscale.o(.bss.Grayscale_GetError.last_error)
    OLED_Refresh.page_buf                    0x20200062   Data         129  oled.o(.bss.OLED_Refresh.page_buf)
    [Anonymous Symbol]                       0x20200062   Section        0  oled.o(.bss.OLED_Refresh.page_buf)
    g_enc_ms_left                            0x202000e4   Data           4  motor.o(.bss.g_enc_ms_left)
    [Anonymous Symbol]                       0x202000e4   Section        0  motor.o(.bss.g_enc_ms_left)
    g_enc_ms_right                           0x202000e8   Data           4  motor.o(.bss.g_enc_ms_right)
    [Anonymous Symbol]                       0x202000e8   Section        0  motor.o(.bss.g_enc_ms_right)
    g_pulse_left                             0x202000ec   Data           4  motor.o(.bss.g_pulse_left)
    [Anonymous Symbol]                       0x202000ec   Section        0  motor.o(.bss.g_pulse_left)
    g_pulse_right                            0x202000f0   Data           4  motor.o(.bss.g_pulse_right)
    [Anonymous Symbol]                       0x202000f0   Section        0  motor.o(.bss.g_pulse_right)
    g_sysTickCount                           0x202000f4   Data           4  motor.o(.bss.g_sysTickCount)
    [Anonymous Symbol]                       0x202000f4   Section        0  motor.o(.bss.g_sysTickCount)
    last_pulse                               0x202000f8   Data           4  motor.o(.bss.last_pulse)
    [Anonymous Symbol]                       0x202000f8   Section        0  motor.o(.bss.last_pulse)
    motor_state                              0x202000fc   Data           1  motor.o(.bss.motor_state)
    [Anonymous Symbol]                       0x202000fc   Section        0  motor.o(.bss.motor_state)
    oled_buffer                              0x20200100   Data        1024  oled.o(.bss.oled_buffer)
    [Anonymous Symbol]                       0x20200100   Section        0  oled.o(.bss.oled_buffer)
    s_attitude_count                         0x20200500   Data           4  imu.o(.bss.s_attitude_count)
    [Anonymous Symbol]                       0x20200500   Section        0  imu.o(.bss.s_attitude_count)
    s_buf                                    0x20200504   Data          16  imu.o(.bss.s_buf)
    [Anonymous Symbol]                       0x20200504   Section        0  imu.o(.bss.s_buf)
    s_cksum_acc                              0x20200514   Data           1  imu.o(.bss.s_cksum_acc)
    [Anonymous Symbol]                       0x20200514   Section        0  imu.o(.bss.s_cksum_acc)
    s_cksum_ok_count                         0x20200518   Data           4  imu.o(.bss.s_cksum_ok_count)
    [Anonymous Symbol]                       0x20200518   Section        0  imu.o(.bss.s_cksum_ok_count)
    s_cmd                                    0x2020051c   Data           1  imu.o(.bss.s_cmd)
    [Anonymous Symbol]                       0x2020051c   Section        0  imu.o(.bss.s_cmd)
    s_cmd1_count                             0x20200520   Data           4  imu.o(.bss.s_cmd1_count)
    [Anonymous Symbol]                       0x20200520   Section        0  imu.o(.bss.s_cmd1_count)
    s_cmd1_value                             0x20200524   Data           8  imu.o(.bss.s_cmd1_value)
    [Anonymous Symbol]                       0x20200524   Section        0  imu.o(.bss.s_cmd1_value)
    s_cmd2_count                             0x2020052c   Data           4  imu.o(.bss.s_cmd2_count)
    [Anonymous Symbol]                       0x2020052c   Section        0  imu.o(.bss.s_cmd2_count)
    s_cmd2_value                             0x20200530   Data           8  imu.o(.bss.s_cmd2_value)
    [Anonymous Symbol]                       0x20200530   Section        0  imu.o(.bss.s_cmd2_value)
    s_data_ready                             0x20200538   Data           1  imu.o(.bss.s_data_ready)
    [Anonymous Symbol]                       0x20200538   Section        0  imu.o(.bss.s_data_ready)
    s_heading_bias                           0x2020053c   Data           4  imu.o(.bss.s_heading_bias)
    [Anonymous Symbol]                       0x2020053c   Section        0  imu.o(.bss.s_heading_bias)
    s_heading_bias_count                     0x20200540   Data           2  imu.o(.bss.s_heading_bias_count)
    [Anonymous Symbol]                       0x20200540   Section        0  imu.o(.bss.s_heading_bias_count)
    s_heading_bias_sum                       0x20200544   Data           4  imu.o(.bss.s_heading_bias_sum)
    [Anonymous Symbol]                       0x20200544   Section        0  imu.o(.bss.s_heading_bias_sum)
    s_heading_calibrated                     0x20200548   Data           1  imu.o(.bss.s_heading_calibrated)
    [Anonymous Symbol]                       0x20200548   Section        0  imu.o(.bss.s_heading_calibrated)
    s_heading_integral                       0x2020054c   Data           4  imu.o(.bss.s_heading_integral)
    [Anonymous Symbol]                       0x2020054c   Section        0  imu.o(.bss.s_heading_integral)
    s_heading_last_ms                        0x20200550   Data           4  imu.o(.bss.s_heading_last_ms)
    [Anonymous Symbol]                       0x20200550   Section        0  imu.o(.bss.s_heading_last_ms)
    s_idx                                    0x20200554   Data           1  imu.o(.bss.s_idx)
    [Anonymous Symbol]                       0x20200554   Section        0  imu.o(.bss.s_idx)
    s_last_cmd                               0x20200555   Data           1  imu.o(.bss.s_last_cmd)
    [Anonymous Symbol]                       0x20200555   Section        0  imu.o(.bss.s_last_cmd)
    s_last_frame                             0x20200556   Data          21  imu.o(.bss.s_last_frame)
    [Anonymous Symbol]                       0x20200556   Section        0  imu.o(.bss.s_last_frame)
    s_last_len                               0x2020056b   Data           1  imu.o(.bss.s_last_len)
    [Anonymous Symbol]                       0x2020056b   Section        0  imu.o(.bss.s_last_len)
    s_left_duty                              0x2020056c   Data           2  motor.o(.bss.s_left_duty)
    [Anonymous Symbol]                       0x2020056c   Section        0  motor.o(.bss.s_left_duty)
    s_len                                    0x2020056e   Data           1  imu.o(.bss.s_len)
    [Anonymous Symbol]                       0x2020056e   Section        0  imu.o(.bss.s_len)
    s_pitch                                  0x20200570   Data           4  imu.o(.bss.s_pitch)
    [Anonymous Symbol]                       0x20200570   Section        0  imu.o(.bss.s_pitch)
    s_pitch_offset                           0x20200574   Data           4  imu.o(.bss.s_pitch_offset)
    [Anonymous Symbol]                       0x20200574   Section        0  imu.o(.bss.s_pitch_offset)
    s_raw_byte_count                         0x20200578   Data           4  imu.o(.bss.s_raw_byte_count)
    [Anonymous Symbol]                       0x20200578   Section        0  imu.o(.bss.s_raw_byte_count)
    s_raw_capture                            0x2020057c   Data          16  imu.o(.bss.s_raw_capture)
    [Anonymous Symbol]                       0x2020057c   Section        0  imu.o(.bss.s_raw_capture)
    s_raw_capture_pos                        0x2020058c   Data           1  imu.o(.bss.s_raw_capture_pos)
    [Anonymous Symbol]                       0x2020058c   Section        0  imu.o(.bss.s_raw_capture_pos)
    s_right_duty                             0x2020058e   Data           2  motor.o(.bss.s_right_duty)
    [Anonymous Symbol]                       0x2020058e   Section        0  motor.o(.bss.s_right_duty)
    s_roll                                   0x20200590   Data           4  imu.o(.bss.s_roll)
    [Anonymous Symbol]                       0x20200590   Section        0  imu.o(.bss.s_roll)
    s_roll_offset                            0x20200594   Data           4  imu.o(.bss.s_roll_offset)
    [Anonymous Symbol]                       0x20200594   Section        0  imu.o(.bss.s_roll_offset)
    s_state                                  0x20200598   Data           1  imu.o(.bss.s_state)
    [Anonymous Symbol]                       0x20200598   Section        0  imu.o(.bss.s_state)
    s_yaw_offset                             0x2020059c   Data           4  imu.o(.bss.s_yaw_offset)
    [Anonymous Symbol]                       0x2020059c   Section        0  imu.o(.bss.s_yaw_offset)
    s_yaw_raw                                0x202005a0   Data           4  imu.o(.bss.s_yaw_raw)
    [Anonymous Symbol]                       0x202005a0   Section        0  imu.o(.bss.s_yaw_raw)
    Heap_Mem                                 0x202005a8   Data           0  startup_mspm0g350x_uvision.o(HEAP)
    Stack_Mem                                0x202005a8   Data         256  startup_mspm0g350x_uvision.o(STACK)
    HEAP                                     0x202005a8   Section        0  startup_mspm0g350x_uvision.o(HEAP)
    STACK                                    0x202005a8   Section      256  startup_mspm0g350x_uvision.o(STACK)
    __initial_sp                             0x202006a8   Data           0  startup_mspm0g350x_uvision.o(STACK)

    Global Symbols

    Symbol Name                              Value     Ov Type        Size  Object(Section)

    BuildAttributes$$THM_ISAv3M$S$PE$A:L22$X:L11$S22$IEEE1$IW$~IW$USESV6$~STKCKD$USESV7$~SHL$OTIME$ROPI$EBA8$UX$STANDARDLIB$REQ8$PRES8$EABIv2 0x00000000   Number         0  anon$$obj.o ABSOLUTE
    __Vectors                                0x00000000   Data           4  startup_mspm0g350x_uvision.o(RESET)
    __ARM_exceptions_init                     - Undefined Weak Reference
    __alloca_initialize                       - Undefined Weak Reference
    __arm_preinit_                            - Undefined Weak Reference
    __arm_relocate_pie_                       - Undefined Weak Reference
    __cpp_initialize__aeabi_                  - Undefined Weak Reference
    __cxa_finalize                            - Undefined Weak Reference
    __rt_locale                               - Undefined Weak Reference
    __sigvec_lookup                           - Undefined Weak Reference
    _atexit_init                              - Undefined Weak Reference
    _call_atexit_fns                          - Undefined Weak Reference
    _clock_init                               - Undefined Weak Reference
    _fp_trap_init                             - Undefined Weak Reference
    _fp_trap_shutdown                         - Undefined Weak Reference
    _get_lc_collate                           - Undefined Weak Reference
    _get_lc_ctype                             - Undefined Weak Reference
    _get_lc_monetary                          - Undefined Weak Reference
    _get_lc_numeric                           - Undefined Weak Reference
    _get_lc_time                              - Undefined Weak Reference
    _getenv_init                              - Undefined Weak Reference
    _handle_redirection                       - Undefined Weak Reference
    _init_alloc                               - Undefined Weak Reference
    _init_user_alloc                          - Undefined Weak Reference
    _initio                                   - Undefined Weak Reference
    _rand_init                                - Undefined Weak Reference
    _signal_finish                            - Undefined Weak Reference
    _signal_init                              - Undefined Weak Reference
    _terminate_alloc                          - Undefined Weak Reference
    _terminate_user_alloc                     - Undefined Weak Reference
    _terminateio                              - Undefined Weak Reference
    __Vectors_End                            0x000000c0   Data           0  startup_mspm0g350x_uvision.o(RESET)
    __Vectors_Size                           0x000000c0   Number         0  startup_mspm0g350x_uvision.o ABSOLUTE
    __main                                   0x000000c1   Thumb Code     8  __main.o(!!!main)
    __scatterload                            0x000000c9   Thumb Code     0  __scatter.o(!!!scatter)
    __scatterload_rt2                        0x000000c9   Thumb Code    74  __scatter.o(!!!scatter)
    __scatterload_rt2_thumb_only             0x000000c9   Thumb Code     0  __scatter.o(!!!scatter)
    __scatterload_loop                       0x000000d3   Thumb Code     0  __scatter.o(!!!scatter)
    __scatterload_null                       0x00000121   Thumb Code     2  __scatter.o(!!handler_null)
    __scatterload_zeroinit                   0x00000129   Thumb Code    28  __scatter_zi.o(!!handler_zi)
    __rt_lib_init                            0x00000145   Thumb Code     0  libinit.o(.ARM.Collect$$libinit$$00000000)
    __rt_lib_init_alloca_1                   0x00000147   Thumb Code     0  libinit2.o(.ARM.Collect$$libinit$$00000030)
    __rt_lib_init_argv_1                     0x00000147   Thumb Code     0  libinit2.o(.ARM.Collect$$libinit$$0000002E)
    __rt_lib_init_atexit_1                   0x00000147   Thumb Code     0  libinit2.o(.ARM.Collect$$libinit$$0000001D)
    __rt_lib_init_clock_1                    0x00000147   Thumb Code     0  libinit2.o(.ARM.Collect$$libinit$$00000023)
    __rt_lib_init_cpp_1                      0x00000147   Thumb Code     0  libinit2.o(.ARM.Collect$$libinit$$00000034)
    __rt_lib_init_exceptions_1               0x00000147   Thumb Code     0  libinit2.o(.ARM.Collect$$libinit$$00000032)
    __rt_lib_init_fp_1                       0x00000147   Thumb Code     0  libinit2.o(.ARM.Collect$$libinit$$00000002)
    __rt_lib_init_fp_trap_1                  0x00000147   Thumb Code     0  libinit2.o(.ARM.Collect$$libinit$$00000021)
    __rt_lib_init_getenv_1                   0x00000147   Thumb Code     0  libinit2.o(.ARM.Collect$$libinit$$00000025)
    __rt_lib_init_heap_1                     0x00000147   Thumb Code     0  libinit2.o(.ARM.Collect$$libinit$$0000000C)
    __rt_lib_init_lc_collate_1               0x00000147   Thumb Code     0  libinit2.o(.ARM.Collect$$libinit$$00000013)
    __rt_lib_init_lc_ctype_1                 0x00000147   Thumb Code     0  libinit2.o(.ARM.Collect$$libinit$$00000015)
    __rt_lib_init_lc_monetary_1              0x00000147   Thumb Code     0  libinit2.o(.ARM.Collect$$libinit$$00000017)
    __rt_lib_init_lc_numeric_1               0x00000147   Thumb Code     0  libinit2.o(.ARM.Collect$$libinit$$00000019)
    __rt_lib_init_lc_time_1                  0x00000147   Thumb Code     0  libinit2.o(.ARM.Collect$$libinit$$0000001B)
    __rt_lib_init_preinit_1                  0x00000147   Thumb Code     0  libinit2.o(.ARM.Collect$$libinit$$00000006)
    __rt_lib_init_rand_1                     0x00000147   Thumb Code     0  libinit2.o(.ARM.Collect$$libinit$$00000010)
    __rt_lib_init_relocate_pie_1             0x00000147   Thumb Code     0  libinit2.o(.ARM.Collect$$libinit$$00000004)
    __rt_lib_init_return                     0x00000147   Thumb Code     0  libinit2.o(.ARM.Collect$$libinit$$00000035)
    __rt_lib_init_signal_1                   0x00000147   Thumb Code     0  libinit2.o(.ARM.Collect$$libinit$$0000001F)
    __rt_lib_init_stdio_1                    0x00000147   Thumb Code     0  libinit2.o(.ARM.Collect$$libinit$$00000027)
    __rt_lib_init_user_alloc_1               0x00000147   Thumb Code     0  libinit2.o(.ARM.Collect$$libinit$$0000000E)
    __rt_lib_shutdown                        0x00000149   Thumb Code     0  libshutdown.o(.ARM.Collect$$libshutdown$$00000000)
    __rt_lib_shutdown_cpp_1                  0x0000014b   Thumb Code     0  libshutdown2.o(.ARM.Collect$$libshutdown$$00000002)
    __rt_lib_shutdown_fp_trap_1              0x0000014b   Thumb Code     0  libshutdown2.o(.ARM.Collect$$libshutdown$$00000007)
    __rt_lib_shutdown_heap_1                 0x0000014b   Thumb Code     0  libshutdown2.o(.ARM.Collect$$libshutdown$$0000000F)
    __rt_lib_shutdown_return                 0x0000014b   Thumb Code     0  libshutdown2.o(.ARM.Collect$$libshutdown$$00000010)
    __rt_lib_shutdown_signal_1               0x0000014b   Thumb Code     0  libshutdown2.o(.ARM.Collect$$libshutdown$$0000000A)
    __rt_lib_shutdown_stdio_1                0x0000014b   Thumb Code     0  libshutdown2.o(.ARM.Collect$$libshutdown$$00000004)
    __rt_lib_shutdown_user_alloc_1           0x0000014b   Thumb Code     0  libshutdown2.o(.ARM.Collect$$libshutdown$$0000000C)
    __rt_entry                               0x0000014d   Thumb Code     0  __rtentry.o(.ARM.Collect$$rtentry$$00000000)
    __rt_entry_presh_1                       0x0000014d   Thumb Code     0  __rtentry2.o(.ARM.Collect$$rtentry$$00000002)
    __rt_entry_sh                            0x0000014d   Thumb Code     0  __rtentry4.o(.ARM.Collect$$rtentry$$00000004)
    __rt_entry_li                            0x00000153   Thumb Code     0  __rtentry2.o(.ARM.Collect$$rtentry$$0000000A)
    __rt_entry_postsh_1                      0x00000153   Thumb Code     0  __rtentry2.o(.ARM.Collect$$rtentry$$00000009)
    __rt_entry_main                          0x00000157   Thumb Code     0  __rtentry2.o(.ARM.Collect$$rtentry$$0000000D)
    __rt_entry_postli_1                      0x00000157   Thumb Code     0  __rtentry2.o(.ARM.Collect$$rtentry$$0000000C)
    __rt_exit                                0x0000015f   Thumb Code     0  rtexit.o(.ARM.Collect$$rtexit$$00000000)
    __rt_exit_ls                             0x00000161   Thumb Code     0  rtexit2.o(.ARM.Collect$$rtexit$$00000003)
    __rt_exit_prels_1                        0x00000161   Thumb Code     0  rtexit2.o(.ARM.Collect$$rtexit$$00000002)
    __rt_exit_exit                           0x00000165   Thumb Code     0  rtexit2.o(.ARM.Collect$$rtexit$$00000004)
    __aeabi_memcpy4                          0x0000016d   Thumb Code    56  rt_memcpy.o(.emb_text)
    __aeabi_memcpy8                          0x0000016d   Thumb Code     0  rt_memcpy.o(.emb_text)
    Reset_Handler                            0x000001a5   Thumb Code     4  startup_mspm0g350x_uvision.o(.text)
    NMI_Handler                              0x000001a9   Thumb Code     2  startup_mspm0g350x_uvision.o(.text)
    HardFault_Handler                        0x000001ab   Thumb Code     2  startup_mspm0g350x_uvision.o(.text)
    SVC_Handler                              0x000001ad   Thumb Code     2  startup_mspm0g350x_uvision.o(.text)
    PendSV_Handler                           0x000001af   Thumb Code     2  startup_mspm0g350x_uvision.o(.text)
    ADC0_IRQHandler                          0x000001b3   Thumb Code     0  startup_mspm0g350x_uvision.o(.text)
    ADC1_IRQHandler                          0x000001b3   Thumb Code     0  startup_mspm0g350x_uvision.o(.text)
    AES_IRQHandler                           0x000001b3   Thumb Code     0  startup_mspm0g350x_uvision.o(.text)
    CANFD0_IRQHandler                        0x000001b3   Thumb Code     0  startup_mspm0g350x_uvision.o(.text)
    DAC0_IRQHandler                          0x000001b3   Thumb Code     0  startup_mspm0g350x_uvision.o(.text)
    DMA_IRQHandler                           0x000001b3   Thumb Code     0  startup_mspm0g350x_uvision.o(.text)
    Default_Handler                          0x000001b3   Thumb Code     2  startup_mspm0g350x_uvision.o(.text)
    GROUP0_IRQHandler                        0x000001b3   Thumb Code     0  startup_mspm0g350x_uvision.o(.text)
    GROUP1_IRQHandler                        0x000001b3   Thumb Code     0  startup_mspm0g350x_uvision.o(.text)
    I2C0_IRQHandler                          0x000001b3   Thumb Code     0  startup_mspm0g350x_uvision.o(.text)
    I2C1_IRQHandler                          0x000001b3   Thumb Code     0  startup_mspm0g350x_uvision.o(.text)
    RTC_IRQHandler                           0x000001b3   Thumb Code     0  startup_mspm0g350x_uvision.o(.text)
    SPI0_IRQHandler                          0x000001b3   Thumb Code     0  startup_mspm0g350x_uvision.o(.text)
    SPI1_IRQHandler                          0x000001b3   Thumb Code     0  startup_mspm0g350x_uvision.o(.text)
    TIMA0_IRQHandler                         0x000001b3   Thumb Code     0  startup_mspm0g350x_uvision.o(.text)
    TIMA1_IRQHandler                         0x000001b3   Thumb Code     0  startup_mspm0g350x_uvision.o(.text)
    TIMG12_IRQHandler                        0x000001b3   Thumb Code     0  startup_mspm0g350x_uvision.o(.text)
    TIMG6_IRQHandler                         0x000001b3   Thumb Code     0  startup_mspm0g350x_uvision.o(.text)
    TIMG7_IRQHandler                         0x000001b3   Thumb Code     0  startup_mspm0g350x_uvision.o(.text)
    UART0_IRQHandler                         0x000001b3   Thumb Code     0  startup_mspm0g350x_uvision.o(.text)
    UART2_IRQHandler                         0x000001b3   Thumb Code     0  startup_mspm0g350x_uvision.o(.text)
    UART3_IRQHandler                         0x000001b3   Thumb Code     0  startup_mspm0g350x_uvision.o(.text)
    __user_initial_stackheap                 0x000001b5   Thumb Code    10  startup_mspm0g350x_uvision.o(.text)
    __aeabi_memcpy                           0x000001d1   Thumb Code   130  rt_memcpy.o(.text)
    __rt_memcpy                              0x000001d1   Thumb Code     0  rt_memcpy.o(.text)
    _memset_w                                0x00000253   Thumb Code    26  rt_memclr.o(.text)
    _memset                                  0x0000026d   Thumb Code    30  rt_memclr.o(.text)
    __aeabi_memclr                           0x0000028b   Thumb Code     4  rt_memclr.o(.text)
    __rt_memclr                              0x0000028b   Thumb Code     0  rt_memclr.o(.text)
    __aeabi_memclr4                          0x0000028f   Thumb Code     0  rt_memclr.o(.text)
    __aeabi_memclr8                          0x0000028f   Thumb Code     0  rt_memclr.o(.text)
    __rt_memclr_w                            0x0000028f   Thumb Code     4  rt_memclr.o(.text)
    __aeabi_uidivmod                         0x00000295   Thumb Code    28  aeabi_sdivfast.o(.text)
    __aeabi_idivmod                          0x000002b1   Thumb Code   472  aeabi_sdivfast.o(.text)
    __use_two_region_memory                  0x0000048d   Thumb Code     2  heapauxi.o(.text)
    __rt_heap_escrow$2region                 0x0000048f   Thumb Code     2  heapauxi.o(.text)
    __rt_heap_expand$2region                 0x00000491   Thumb Code     2  heapauxi.o(.text)
    __aeabi_i2f_normalise                    0x00000493   Thumb Code    72  fflti.o(.text)
    __aeabi_i2f                              0x000004db   Thumb Code    16  fflti.o(.text)
    _fflt                                    0x000004db   Thumb Code     0  fflti.o(.text)
    __aeabi_ui2f                             0x000004eb   Thumb Code     6  fflti.o(.text)
    _ffltu                                   0x000004eb   Thumb Code     0  fflti.o(.text)
    __user_setup_stackheap                   0x000004f1   Thumb Code    62  sys_stackheap_outer.o(.text)
    exit                                     0x0000052f   Thumb Code    16  exit.o(.text)
    __user_libspace                          0x00000541   Thumb Code     8  libspace.o(.text)
    __user_perproc_libspace                  0x00000541   Thumb Code     0  libspace.o(.text)
    __user_perthread_libspace                0x00000541   Thumb Code     0  libspace.o(.text)
    _sys_exit                                0x00000549   Thumb Code     8  sys_exit.o(.text)
    __I$use$semihosting                      0x00000555   Thumb Code     0  use_no_semi.o(.text)
    __use_no_semihosting_swi                 0x00000555   Thumb Code     2  use_no_semi.o(.text)
    DL_Common_delayCycles                    0x00000557   Thumb Code    10  dl_common.o(.text.DL_Common_delayCycles)
    __semihosting_library_function           0x00000557   Thumb Code     0  indicate_semi.o(.text)
    DL_I2C_Master_transmit                   0x00000561   Thumb Code   384  i2c_hal.o(.text.DL_I2C_Master_transmit)
    DL_I2C_fillControllerTXFIFO              0x000006ed   Thumb Code    44  dl_i2c.o(.text.DL_I2C_fillControllerTXFIFO)
    DL_I2C_flushControllerTXFIFO             0x00000719   Thumb Code    40  dl_i2c.o(.text.DL_I2C_flushControllerTXFIFO)
    DL_I2C_setClockConfig                    0x00000741   Thumb Code    38  dl_i2c.o(.text.DL_I2C_setClockConfig)
    DL_TimerA_initPWMMode                    0x00000769   Thumb Code   116  dl_timer.o(.text.DL_TimerA_initPWMMode)
    DL_Timer_initCaptureMode                 0x000007dd   Thumb Code   260  dl_timer.o(.text.DL_Timer_initCaptureMode)
    DL_Timer_initPWMMode                     0x000008e1   Thumb Code   200  dl_timer.o(.text.DL_Timer_initPWMMode)
    DL_Timer_setCaptureCompareOutCtl         0x000009a9   Thumb Code    24  dl_timer.o(.text.DL_Timer_setCaptureCompareOutCtl)
    DL_Timer_setCaptureCompareValue          0x000009c1   Thumb Code    16  dl_timer.o(.text.DL_Timer_setCaptureCompareValue)
    DL_Timer_setClockConfig                  0x000009d1   Thumb Code    28  dl_timer.o(.text.DL_Timer_setClockConfig)
    DL_UART_configBaudRate                   0x000009ed   Thumb Code   140  dl_uart.o(.text.DL_UART_configBaudRate)
    DL_UART_init                             0x00000a79   Thumb Code    72  dl_uart.o(.text.DL_UART_init)
    DL_UART_setClockConfig                   0x00000ac1   Thumb Code    18  dl_uart.o(.text.DL_UART_setClockConfig)
    Grayscale_GetError                       0x00000ad5   Thumb Code   180  grayscale.o(.text.Grayscale_GetError)
    Grayscale_Init                           0x00000b8d   Thumb Code     2  grayscale.o(.text.Grayscale_Init)
    Grayscale_Read                           0x00000b91   Thumb Code    64  grayscale.o(.text.Grayscale_Read)
    IMU_Init                                 0x00000bd9   Thumb Code   192  imu.o(.text.IMU_Init)
    Motor_GetTickMs                          0x00000d01   Thumb Code     8  motor.o(.text.Motor_GetTickMs)
    Motor_Init                               0x00000d0d   Thumb Code   100  motor.o(.text.Motor_Init)
    Motor_Stop                               0x00000d91   Thumb Code    52  motor.o(.text.Motor_Stop)
    OLED_ClearLine                           0x00000ddd   Thumb Code    24  oled.o(.text.OLED_ClearLine)
    OLED_Init                                0x00000df5   Thumb Code   636  oled.o(.text.OLED_Init)
    OLED_Refresh                             0x00001075   Thumb Code   140  oled.o(.text.OLED_Refresh)
    OLED_ShowChar                            0x00001111   Thumb Code   996  oled.o(.text.OLED_ShowChar)
    OLED_ShowNum                             0x000014fd   Thumb Code   456  oled.o(.text.OLED_ShowNum)
    OLED_ShowString                          0x000016dd   Thumb Code    92  oled.o(.text.OLED_ShowString)
    SYSCFG_DL_ENCODER_LEFT_init              0x00001739   Thumb Code    60  ti_msp_dl_config.o(.text.SYSCFG_DL_ENCODER_LEFT_init)
    SYSCFG_DL_ENCODER_RIGHT_init             0x0000178d   Thumb Code    60  ti_msp_dl_config.o(.text.SYSCFG_DL_ENCODER_RIGHT_init)
    SYSCFG_DL_GPIO_init                      0x000017e1   Thumb Code   104  ti_msp_dl_config.o(.text.SYSCFG_DL_GPIO_init)
    SYSCFG_DL_I2C_OLED_init                  0x0000185d   Thumb Code    76  ti_msp_dl_config.o(.text.SYSCFG_DL_I2C_OLED_init)
    SYSCFG_DL_PWM_LEFT_init                  0x000018b5   Thumb Code    60  ti_msp_dl_config.o(.text.SYSCFG_DL_PWM_LEFT_init)
    SYSCFG_DL_PWM_RIGHT_init                 0x00001901   Thumb Code    64  ti_msp_dl_config.o(.text.SYSCFG_DL_PWM_RIGHT_init)
    SYSCFG_DL_SYSCTL_init                    0x00001951   Thumb Code    56  ti_msp_dl_config.o(.text.SYSCFG_DL_SYSCTL_init)
    SYSCFG_DL_UART_IMU_init                  0x00001991   Thumb Code    84  ti_msp_dl_config.o(.text.SYSCFG_DL_UART_IMU_init)
    SYSCFG_DL_init                           0x00001a05   Thumb Code    40  ti_msp_dl_config.o(.text.SYSCFG_DL_init)
    SYSCFG_DL_initPower                      0x00001a2d   Thumb Code    72  ti_msp_dl_config.o(.text.SYSCFG_DL_initPower)
    SysTick_Handler                          0x00001a9d   Thumb Code    12  motor.o(.text.SysTick_Handler)
    TIMG0_IRQHandler                         0x00001aa9   Thumb Code    40  motor.o(.text.TIMG0_IRQHandler)
    TIMG8_IRQHandler                         0x00001add   Thumb Code    40  motor.o(.text.TIMG8_IRQHandler)
    UART1_IRQHandler                         0x00001b11   Thumb Code   332  imu.o(.text.UART1_IRQHandler)
    delay_ms                                 0x00001ca1   Thumb Code    40  motor.o(.text.delay_ms)
    main                                     0x00001ccd   Thumb Code   460  empty.o(.text.main)
    __aeabi_uidiv                            0x00002019   Thumb Code    68  aeabi_sdivfast.o(.text_divfast)
    __aeabi_idiv                             0x0000205d   Thumb Code   434  aeabi_sdivfast.o(.text_divfast)
    __aeabi_fmul                             0x00002211   Thumb Code     0  fmul.o(x$fpl$fmul)
    _fmul                                    0x00002211   Thumb Code   172  fmul.o(x$fpl$fmul)
    __I$use$fp                               0x000022c0   Number         0  usenofp.o(x$fpl$usenofp)
    ascii_5x7                                0x000022cc   Data         480  font_5x7.o(.rodata.ascii_5x7)
    g_flash_program_padding                  0x000024f8   Data          12  empty.o(.rodata.g_flash_program_padding)
    Region$$Table$$Base                      0x00002510   Number         0  anon$$obj.o(Region$$Table)
    Region$$Table$$Limit                     0x00002520   Number         0  anon$$obj.o(Region$$Table)
    __libspace_start                         0x20200000   Data          96  libspace.o(.bss)
    __temporary_stack_top$libspace           0x20200060   Data           0  libspace.o(.bss)



==============================================================================

Memory Map of the image

  Image Entry point : 0x000000c1

  Load Region LR_IROM1 (Base: 0x00000000, Size: 0x00002520, Max: 0x00020000, ABSOLUTE)

    Execution Region ER_IROM1 (Exec base: 0x00000000, Load base: 0x00000000, Size: 0x00002520, Max: 0x00020000, ABSOLUTE)

    Exec Addr    Load Addr    Size         Type   Attr      Idx    E Section Name        Object

    0x00000000   0x00000000   0x000000c0   Data   RO           16    RESET               startup_mspm0g350x_uvision.o
    0x000000c0   0x000000c0   0x00000008   Code   RO          501  * !!!main             c_p.l(__main.o)
    0x000000c8   0x000000c8   0x00000054   Code   RO          722    !!!scatter          c_p.l(__scatter.o)
    0x0000011c   0x0000011c   0x00000004   PAD
    0x00000120   0x00000120   0x00000002   Code   RO          723    !!handler_null      c_p.l(__scatter.o)
    0x00000122   0x00000122   0x00000006   PAD
    0x00000128   0x00000128   0x0000001c   Code   RO          726    !!handler_zi        c_p.l(__scatter_zi.o)
    0x00000144   0x00000144   0x00000002   Code   RO          577    .ARM.Collect$$libinit$$00000000  c_p.l(libinit.o)
    0x00000146   0x00000146   0x00000000   Code   RO          595    .ARM.Collect$$libinit$$00000002  c_p.l(libinit2.o)
    0x00000146   0x00000146   0x00000000   Code   RO          597    .ARM.Collect$$libinit$$00000004  c_p.l(libinit2.o)
    0x00000146   0x00000146   0x00000000   Code   RO          599    .ARM.Collect$$libinit$$00000006  c_p.l(libinit2.o)
    0x00000146   0x00000146   0x00000000   Code   RO          602    .ARM.Collect$$libinit$$0000000C  c_p.l(libinit2.o)
    0x00000146   0x00000146   0x00000000   Code   RO          604    .ARM.Collect$$libinit$$0000000E  c_p.l(libinit2.o)
    0x00000146   0x00000146   0x00000000   Code   RO          606    .ARM.Collect$$libinit$$00000010  c_p.l(libinit2.o)
    0x00000146   0x00000146   0x00000000   Code   RO          609    .ARM.Collect$$libinit$$00000013  c_p.l(libinit2.o)
    0x00000146   0x00000146   0x00000000   Code   RO          611    .ARM.Collect$$libinit$$00000015  c_p.l(libinit2.o)
    0x00000146   0x00000146   0x00000000   Code   RO          613    .ARM.Collect$$libinit$$00000017  c_p.l(libinit2.o)
    0x00000146   0x00000146   0x00000000   Code   RO          615    .ARM.Collect$$libinit$$00000019  c_p.l(libinit2.o)
    0x00000146   0x00000146   0x00000000   Code   RO          617    .ARM.Collect$$libinit$$0000001B  c_p.l(libinit2.o)
    0x00000146   0x00000146   0x00000000   Code   RO          619    .ARM.Collect$$libinit$$0000001D  c_p.l(libinit2.o)
    0x00000146   0x00000146   0x00000000   Code   RO          621    .ARM.Collect$$libinit$$0000001F  c_p.l(libinit2.o)
    0x00000146   0x00000146   0x00000000   Code   RO          623    .ARM.Collect$$libinit$$00000021  c_p.l(libinit2.o)
    0x00000146   0x00000146   0x00000000   Code   RO          625    .ARM.Collect$$libinit$$00000023  c_p.l(libinit2.o)
    0x00000146   0x00000146   0x00000000   Code   RO          627    .ARM.Collect$$libinit$$00000025  c_p.l(libinit2.o)
    0x00000146   0x00000146   0x00000000   Code   RO          629    .ARM.Collect$$libinit$$00000027  c_p.l(libinit2.o)
    0x00000146   0x00000146   0x00000000   Code   RO          633    .ARM.Collect$$libinit$$0000002E  c_p.l(libinit2.o)
    0x00000146   0x00000146   0x00000000   Code   RO          635    .ARM.Collect$$libinit$$00000030  c_p.l(libinit2.o)
    0x00000146   0x00000146   0x00000000   Code   RO          637    .ARM.Collect$$libinit$$00000032  c_p.l(libinit2.o)
    0x00000146   0x00000146   0x00000000   Code   RO          639    .ARM.Collect$$libinit$$00000034  c_p.l(libinit2.o)
    0x00000146   0x00000146   0x00000002   Code   RO          640    .ARM.Collect$$libinit$$00000035  c_p.l(libinit2.o)
    0x00000148   0x00000148   0x00000002   Code   RO          677    .ARM.Collect$$libshutdown$$00000000  c_p.l(libshutdown.o)
    0x0000014a   0x0000014a   0x00000000   Code   RO          705    .ARM.Collect$$libshutdown$$00000002  c_p.l(libshutdown2.o)
    0x0000014a   0x0000014a   0x00000000   Code   RO          707    .ARM.Collect$$libshutdown$$00000004  c_p.l(libshutdown2.o)
    0x0000014a   0x0000014a   0x00000000   Code   RO          710    .ARM.Collect$$libshutdown$$00000007  c_p.l(libshutdown2.o)
    0x0000014a   0x0000014a   0x00000000   Code   RO          713    .ARM.Collect$$libshutdown$$0000000A  c_p.l(libshutdown2.o)
    0x0000014a   0x0000014a   0x00000000   Code   RO          715    .ARM.Collect$$libshutdown$$0000000C  c_p.l(libshutdown2.o)
    0x0000014a   0x0000014a   0x00000000   Code   RO          718    .ARM.Collect$$libshutdown$$0000000F  c_p.l(libshutdown2.o)
    0x0000014a   0x0000014a   0x00000002   Code   RO          719    .ARM.Collect$$libshutdown$$00000010  c_p.l(libshutdown2.o)
    0x0000014c   0x0000014c   0x00000000   Code   RO          532    .ARM.Collect$$rtentry$$00000000  c_p.l(__rtentry.o)
    0x0000014c   0x0000014c   0x00000000   Code   RO          545    .ARM.Collect$$rtentry$$00000002  c_p.l(__rtentry2.o)
    0x0000014c   0x0000014c   0x00000006   Code   RO          557    .ARM.Collect$$rtentry$$00000004  c_p.l(__rtentry4.o)
    0x00000152   0x00000152   0x00000000   Code   RO          547    .ARM.Collect$$rtentry$$00000009  c_p.l(__rtentry2.o)
    0x00000152   0x00000152   0x00000004   Code   RO          548    .ARM.Collect$$rtentry$$0000000A  c_p.l(__rtentry2.o)
    0x00000156   0x00000156   0x00000000   Code   RO          550    .ARM.Collect$$rtentry$$0000000C  c_p.l(__rtentry2.o)
    0x00000156   0x00000156   0x00000008   Code   RO          551    .ARM.Collect$$rtentry$$0000000D  c_p.l(__rtentry2.o)
    0x0000015e   0x0000015e   0x00000002   Code   RO          586    .ARM.Collect$$rtexit$$00000000  c_p.l(rtexit.o)
    0x00000160   0x00000160   0x00000000   Code   RO          648    .ARM.Collect$$rtexit$$00000002  c_p.l(rtexit2.o)
    0x00000160   0x00000160   0x00000004   Code   RO          649    .ARM.Collect$$rtexit$$00000003  c_p.l(rtexit2.o)
    0x00000164   0x00000164   0x00000006   Code   RO          650    .ARM.Collect$$rtexit$$00000004  c_p.l(rtexit2.o)
    0x0000016a   0x0000016a   0x00000002   PAD
    0x0000016c   0x0000016c   0x00000038   Code   RO          485    .emb_text           c_p.l(rt_memcpy.o)
    0x000001a4   0x000001a4   0x0000002c   Code   RO           17    .text               startup_mspm0g350x_uvision.o
    0x000001d0   0x000001d0   0x00000082   Code   RO          486    .text               c_p.l(rt_memcpy.o)
    0x00000252   0x00000252   0x00000040   Code   RO          489    .text               c_p.l(rt_memclr.o)
    0x00000292   0x00000292   0x00000002   PAD
    0x00000294   0x00000294   0x000001f8   Code   RO          491    .text               c_p.l(aeabi_sdivfast.o)
    0x0000048c   0x0000048c   0x00000006   Code   RO          499    .text               c_p.l(heapauxi.o)
    0x00000492   0x00000492   0x0000005e   Code   RO          528    .text               fz_ps.l(fflti.o)
    0x000004f0   0x000004f0   0x0000003e   Code   RO          563    .text               c_p.l(sys_stackheap_outer.o)
    0x0000052e   0x0000052e   0x00000010   Code   RO          566    .text               c_p.l(exit.o)
    0x0000053e   0x0000053e   0x00000002   PAD
    0x00000540   0x00000540   0x00000008   Code   RO          582    .text               c_p.l(libspace.o)
    0x00000548   0x00000548   0x0000000c   Code   RO          643    .text               c_p.l(sys_exit.o)
    0x00000554   0x00000554   0x00000002   Code   RO          666    .text               c_p.l(use_no_semi.o)
    0x00000556   0x00000556   0x00000000   Code   RO          668    .text               c_p.l(indicate_semi.o)
    0x00000556   0x00000556   0x0000000a   Code   RO          304    .text.DL_Common_delayCycles  driverlib.a(dl_common.o)
    0x00000560   0x00000560   0x0000018c   Code   RO           69    .text.DL_I2C_Master_transmit  i2c_hal.o
    0x000006ec   0x000006ec   0x0000002c   Code   RO          317    .text.DL_I2C_fillControllerTXFIFO  driverlib.a(dl_i2c.o)
    0x00000718   0x00000718   0x00000028   Code   RO          319    .text.DL_I2C_flushControllerTXFIFO  driverlib.a(dl_i2c.o)
    0x00000740   0x00000740   0x00000026   Code   RO          313    .text.DL_I2C_setClockConfig  driverlib.a(dl_i2c.o)
    0x00000766   0x00000766   0x00000002   PAD
    0x00000768   0x00000768   0x00000074   Code   RO          423    .text.DL_TimerA_initPWMMode  driverlib.a(dl_timer.o)
    0x000007dc   0x000007dc   0x00000104   Code   RO          355    .text.DL_Timer_initCaptureMode  driverlib.a(dl_timer.o)
    0x000008e0   0x000008e0   0x000000c8   Code   RO          367    .text.DL_Timer_initPWMMode  driverlib.a(dl_timer.o)
    0x000009a8   0x000009a8   0x00000018   Code   RO          371    .text.DL_Timer_setCaptureCompareOutCtl  driverlib.a(dl_timer.o)
    0x000009c0   0x000009c0   0x00000010   Code   RO          351    .text.DL_Timer_setCaptureCompareValue  driverlib.a(dl_timer.o)
    0x000009d0   0x000009d0   0x0000001c   Code   RO          345    .text.DL_Timer_setClockConfig  driverlib.a(dl_timer.o)
    0x000009ec   0x000009ec   0x0000008c   Code   RO          450    .text.DL_UART_configBaudRate  driverlib.a(dl_uart.o)
    0x00000a78   0x00000a78   0x00000048   Code   RO          444    .text.DL_UART_init  driverlib.a(dl_uart.o)
    0x00000ac0   0x00000ac0   0x00000012   Code   RO          446    .text.DL_UART_setClockConfig  driverlib.a(dl_uart.o)
    0x00000ad2   0x00000ad2   0x00000002   PAD
    0x00000ad4   0x00000ad4   0x000000b8   Code   RO          291    .text.Grayscale_GetError  grayscale.o
    0x00000b8c   0x00000b8c   0x00000002   Code   RO          287    .text.Grayscale_Init  grayscale.o
    0x00000b8e   0x00000b8e   0x00000002   PAD
    0x00000b90   0x00000b90   0x00000048   Code   RO          289    .text.Grayscale_Read  grayscale.o
    0x00000bd8   0x00000bd8   0x00000128   Code   RO          172    .text.IMU_Init      imu.o
    0x00000d00   0x00000d00   0x0000000c   Code   RO          109    .text.Motor_GetTickMs  motor.o
    0x00000d0c   0x00000d0c   0x00000084   Code   RO          121    .text.Motor_Init    motor.o
    0x00000d90   0x00000d90   0x0000004c   Code   RO          123    .text.Motor_Stop    motor.o
    0x00000ddc   0x00000ddc   0x00000018   Code   RO           83    .text.OLED_ClearLine  oled.o
    0x00000df4   0x00000df4   0x00000280   Code   RO           93    .text.OLED_Init     oled.o
    0x00001074   0x00001074   0x0000009c   Code   RO           81    .text.OLED_Refresh  oled.o
    0x00001110   0x00001110   0x000003ec   Code   RO           85    .text.OLED_ShowChar  oled.o
    0x000014fc   0x000014fc   0x000001e0   Code   RO           89    .text.OLED_ShowNum  oled.o
    0x000016dc   0x000016dc   0x0000005c   Code   RO           87    .text.OLED_ShowString  oled.o
    0x00001738   0x00001738   0x00000054   Code   RO           40    .text.SYSCFG_DL_ENCODER_LEFT_init  ti_msp_dl_config.o
    0x0000178c   0x0000178c   0x00000054   Code   RO           42    .text.SYSCFG_DL_ENCODER_RIGHT_init  ti_msp_dl_config.o
    0x000017e0   0x000017e0   0x0000007c   Code   RO           28    .text.SYSCFG_DL_GPIO_init  ti_msp_dl_config.o
    0x0000185c   0x0000185c   0x00000058   Code   RO           32    .text.SYSCFG_DL_I2C_OLED_init  ti_msp_dl_config.o
    0x000018b4   0x000018b4   0x0000004c   Code   RO           34    .text.SYSCFG_DL_PWM_LEFT_init  ti_msp_dl_config.o
    0x00001900   0x00001900   0x00000050   Code   RO           36    .text.SYSCFG_DL_PWM_RIGHT_init  ti_msp_dl_config.o
    0x00001950   0x00001950   0x00000040   Code   RO           30    .text.SYSCFG_DL_SYSCTL_init  ti_msp_dl_config.o
    0x00001990   0x00001990   0x00000074   Code   RO           38    .text.SYSCFG_DL_UART_IMU_init  ti_msp_dl_config.o
    0x00001a04   0x00001a04   0x00000028   Code   RO           24    .text.SYSCFG_DL_init  ti_msp_dl_config.o
    0x00001a2c   0x00001a2c   0x00000070   Code   RO           26    .text.SYSCFG_DL_initPower  ti_msp_dl_config.o
    0x00001a9c   0x00001a9c   0x0000000c   Code   RO          107    .text.SysTick_Handler  motor.o
    0x00001aa8   0x00001aa8   0x00000034   Code   RO          143    .text.TIMG0_IRQHandler  motor.o
    0x00001adc   0x00001adc   0x00000034   Code   RO          145    .text.TIMG8_IRQHandler  motor.o
    0x00001b10   0x00001b10   0x00000190   Code   RO          222    .text.UART1_IRQHandler  imu.o
    0x00001ca0   0x00001ca0   0x0000002c   Code   RO          111    .text.delay_ms      motor.o
    0x00001ccc   0x00001ccc   0x00000210   Code   RO            2    .text.main          empty.o
    0x00001edc   0x00001edc   0x00000078   Code   RO          228    .text.parse_attitude_payload  imu.o
    0x00001f54   0x00001f54   0x00000030   Code   RO          224    .text.parse_payload_values  imu.o
    0x00001f84   0x00001f84   0x00000094   Code   RO          226    .text.update_heading_integral  imu.o
    0x00002018   0x00002018   0x000001f6   Code   RO          492    .text_divfast       c_p.l(aeabi_sdivfast.o)
    0x0000220e   0x0000220e   0x00000002   PAD
    0x00002210   0x00002210   0x000000b0   Code   RO          530    x$fpl$fmul          fz_ps.l(fmul.o)
    0x000022c0   0x000022c0   0x00000000   Code   RO          543    x$fpl$usenofp       fz_ps.l(usenofp.o)
    0x000022c0   0x000022c0   0x0000000c   Data   RO          435    .rodata..Lswitch.table.DL_Timer_initCompareMode  driverlib.a(dl_timer.o)
    0x000022cc   0x000022cc   0x000001e0   Data   RO           63    .rodata.ascii_5x7   font_5x7.o
    0x000024ac   0x000024ac   0x00000010   Data   RO           52    .rodata.gENC_LEFT_CaptureConfig  ti_msp_dl_config.o
    0x000024bc   0x000024bc   0x00000003   Data   RO           51    .rodata.gENC_LEFT_ClockConfig  ti_msp_dl_config.o
    0x000024bf   0x000024bf   0x00000001   PAD
    0x000024c0   0x000024c0   0x00000010   Data   RO           54    .rodata.gENC_RIGHT_CaptureConfig  ti_msp_dl_config.o
    0x000024d0   0x000024d0   0x00000003   Data   RO           53    .rodata.gENC_RIGHT_ClockConfig  ti_msp_dl_config.o
    0x000024d3   0x000024d3   0x00000002   Data   RO           46    .rodata.gI2C_OLEDClockConfig  ti_msp_dl_config.o
    0x000024d5   0x000024d5   0x00000003   Data   RO           47    .rodata.gPWM_LEFT_ClockConfig  ti_msp_dl_config.o
    0x000024d8   0x000024d8   0x00000008   Data   RO           48    .rodata.gPWM_LEFT_PWMConfig  ti_msp_dl_config.o
    0x000024e0   0x000024e0   0x00000003   Data   RO           44    .rodata.gPWM_RIGHT_ClockConfig  ti_msp_dl_config.o
    0x000024e3   0x000024e3   0x00000001   PAD
    0x000024e4   0x000024e4   0x00000008   Data   RO           45    .rodata.gPWM_RIGHT_PWMConfig  ti_msp_dl_config.o
    0x000024ec   0x000024ec   0x00000002   Data   RO           49    .rodata.gUART_IMU_ClockConfig  ti_msp_dl_config.o
    0x000024ee   0x000024ee   0x0000000a   Data   RO           50    .rodata.gUART_IMU_Config  ti_msp_dl_config.o
    0x000024f8   0x000024f8   0x0000000c   Data   RO            4    .rodata.g_flash_program_padding  empty.o
    0x00002504   0x00002504   0x0000000a   Data   RO            5    .rodata.str1.1      empty.o
    0x0000250e   0x0000250e   0x00000002   PAD
    0x00002510   0x00002510   0x00000010   Data   RO          721    Region$$Table       anon$$obj.o


    Execution Region RW_IRAM2 (Exec base: 0x20200000, Load base: 0x00002520, Size: 0x000006a8, Max: 0x00008000, ABSOLUTE)

    Exec Addr    Load Addr    Size         Type   Attr      Idx    E Section Name        Object

    0x20200000        -       0x00000060   Zero   RW          583    .bss                c_p.l(libspace.o)
    0x20200060        -       0x00000002   Zero   RW          295    .bss.Grayscale_GetError.last_error  grayscale.o
    0x20200062        -       0x00000081   Zero   RW           96    .bss.OLED_Refresh.page_buf  oled.o
    0x202000e3   0x00002520   0x00000001   PAD
    0x202000e4        -       0x00000004   Zero   RW          155    .bss.g_enc_ms_left  motor.o
    0x202000e8        -       0x00000004   Zero   RW          156    .bss.g_enc_ms_right  motor.o
    0x202000ec        -       0x00000004   Zero   RW          152    .bss.g_pulse_left   motor.o
    0x202000f0        -       0x00000004   Zero   RW          153    .bss.g_pulse_right  motor.o
    0x202000f4        -       0x00000004   Zero   RW          151    .bss.g_sysTickCount  motor.o
    0x202000f8        -       0x00000004   Zero   RW          154    .bss.last_pulse     motor.o
    0x202000fc        -       0x00000001   Zero   RW          157    .bss.motor_state    motor.o
    0x202000fd   0x00002520   0x00000003   PAD
    0x20200100        -       0x00000400   Zero   RW           95    .bss.oled_buffer    oled.o
    0x20200500        -       0x00000004   Zero   RW          232    .bss.s_attitude_count  imu.o
    0x20200504        -       0x00000010   Zero   RW          260    .bss.s_buf          imu.o
    0x20200514        -       0x00000001   Zero   RW          256    .bss.s_cksum_acc    imu.o
    0x20200515   0x00002520   0x00000003   PAD
    0x20200518        -       0x00000004   Zero   RW          231    .bss.s_cksum_ok_count  imu.o
    0x2020051c        -       0x00000001   Zero   RW          257    .bss.s_cmd          imu.o
    0x2020051d   0x00002520   0x00000003   PAD
    0x20200520        -       0x00000004   Zero   RW          238    .bss.s_cmd1_count   imu.o
    0x20200524        -       0x00000008   Zero   RW          246    .bss.s_cmd1_value   imu.o
    0x2020052c        -       0x00000004   Zero   RW          239    .bss.s_cmd2_count   imu.o
    0x20200530        -       0x00000008   Zero   RW          247    .bss.s_cmd2_value   imu.o
    0x20200538        -       0x00000001   Zero   RW          251    .bss.s_data_ready   imu.o
    0x20200539   0x00002520   0x00000003   PAD
    0x2020053c        -       0x00000004   Zero   RW          241    .bss.s_heading_bias  imu.o
    0x20200540        -       0x00000002   Zero   RW          243    .bss.s_heading_bias_count  imu.o
    0x20200542   0x00002520   0x00000002   PAD
    0x20200544        -       0x00000004   Zero   RW          242    .bss.s_heading_bias_sum  imu.o
    0x20200548        -       0x00000001   Zero   RW          244    .bss.s_heading_calibrated  imu.o
    0x20200549   0x00002520   0x00000003   PAD
    0x2020054c        -       0x00000004   Zero   RW          240    .bss.s_heading_integral  imu.o
    0x20200550        -       0x00000004   Zero   RW          245    .bss.s_heading_last_ms  imu.o
    0x20200554        -       0x00000001   Zero   RW          259    .bss.s_idx          imu.o
    0x20200555        -       0x00000001   Zero   RW          233    .bss.s_last_cmd     imu.o
    0x20200556        -       0x00000015   Zero   RW          253    .bss.s_last_frame   imu.o
    0x2020056b        -       0x00000001   Zero   RW          234    .bss.s_last_len     imu.o
    0x2020056c        -       0x00000002   Zero   RW          162    .bss.s_left_duty    motor.o
    0x2020056e        -       0x00000001   Zero   RW          258    .bss.s_len          imu.o
    0x2020056f   0x00002520   0x00000001   PAD
    0x20200570        -       0x00000004   Zero   RW          236    .bss.s_pitch        imu.o
    0x20200574        -       0x00000004   Zero   RW          249    .bss.s_pitch_offset  imu.o
    0x20200578        -       0x00000004   Zero   RW          230    .bss.s_raw_byte_count  imu.o
    0x2020057c        -       0x00000010   Zero   RW          254    .bss.s_raw_capture  imu.o
    0x2020058c        -       0x00000001   Zero   RW          255    .bss.s_raw_capture_pos  imu.o
    0x2020058d   0x00002520   0x00000001   PAD
    0x2020058e        -       0x00000002   Zero   RW          163    .bss.s_right_duty   motor.o
    0x20200590        -       0x00000004   Zero   RW          235    .bss.s_roll         imu.o
    0x20200594        -       0x00000004   Zero   RW          248    .bss.s_roll_offset  imu.o
    0x20200598        -       0x00000001   Zero   RW          252    .bss.s_state        imu.o
    0x20200599   0x00002520   0x00000003   PAD
    0x2020059c        -       0x00000004   Zero   RW          250    .bss.s_yaw_offset   imu.o
    0x202005a0        -       0x00000004   Zero   RW          237    .bss.s_yaw_raw      imu.o
    0x202005a4   0x00002520   0x00000004   PAD
    0x202005a8        -       0x00000000   Zero   RW           15    HEAP                startup_mspm0g350x_uvision.o
    0x202005a8        -       0x00000100   Zero   RW           14    STACK               startup_mspm0g350x_uvision.o



  Load Region LR_BCR (Base: 0x41c00000, Size: 0x00000000, Max: 0x00000100, ABSOLUTE)

    Execution Region BCR_CONFIG (Exec base: 0x41c00000, Load base: 0x41c00000, Size: 0x00000000, Max: 0x00000080, ABSOLUTE)

    **** No section assigned to this execution region ****



  Load Region LR_BSL (Base: 0x41c00100, Size: 0x00000000, Max: 0x00000100, ABSOLUTE)

    Execution Region BSL_CONFIG (Exec base: 0x41c00100, Load base: 0x41c00100, Size: 0x00000000, Max: 0x00000080, ABSOLUTE)

    **** No section assigned to this execution region ****


==============================================================================

Image component sizes


      Code (inc. data)   RO Data    RW Data    ZI Data      Debug   Object Name

       528         68         22          0          0       2543   empty.o
         0          0        480          0          0        448   font_5x7.o
       258         12          0          0          2       5620   grayscale.o
       396         12          0          0          0       5619   i2c_hal.o
      1012        234          0          0        141      12615   imu.o
       380         88          0          0         29      15968   motor.o
      2396         52          0          0       1153      13388   oled.o
        44         18        192          0        256        648   startup_mspm0g350x_uvision.o
       868        192         74          0          0      32715   ti_msp_dl_config.o

    ----------------------------------------------------------------------
      5884        676        788          0       1608      89564   Object Totals
         0          0         16          0          0          0   (incl. Generated)
         2          0          4          0         27          0   (incl. Padding)

    ----------------------------------------------------------------------

      Code (inc. data)   RO Data    RW Data    ZI Data      Debug   Library Member Name

         8          0          0          0          0         68   __main.o
         0          0          0          0          0          0   __rtentry.o
        12          0          0          0          0          0   __rtentry2.o
         6          0          0          0          0          0   __rtentry4.o
        86         10          0          0          0          0   __scatter.o
        28          0          0          0          0          0   __scatter_zi.o
      1006          4          0          0          0        184   aeabi_sdivfast.o
        16          0          0          0          0         68   exit.o
         6          0          0          0          0        136   heapauxi.o
         0          0          0          0          0          0   indicate_semi.o
         2          0          0          0          0          0   libinit.o
         2          0          0          0          0          0   libinit2.o
         2          0          0          0          0          0   libshutdown.o
         2          0          0          0          0          0   libshutdown2.o
         8          4          0          0         96         68   libspace.o
        64          0          0          0          0        108   rt_memclr.o
       186          0          0          0          0        144   rt_memcpy.o
         2          0          0          0          0          0   rtexit.o
        10          0          0          0          0          0   rtexit2.o
        12          4          0          0          0         60   sys_exit.o
        62          0          0          0          0         80   sys_stackheap_outer.o
         2          0          0          0          0         68   use_no_semi.o
        10          0          0          0          0        802   dl_common.o
       122          4          0          0          0       8590   dl_i2c.o
       644         60         12          0          0      40185   dl_timer.o
       230         16          0          0          0      14128   dl_uart.o
        94          0          0          0          0         92   fflti.o
       176          4          0          0          0         80   fmul.o
         0          0          0          0          0          0   usenofp.o

    ----------------------------------------------------------------------
      2820        110         12          0         96      64861   Library Totals
        22          4          0          0          0          0   (incl. Padding)

    ----------------------------------------------------------------------

      Code (inc. data)   RO Data    RW Data    ZI Data      Debug   Library Name

      1522         22          0          0         96        984   c_p.l
      1006         80         12          0          0      63705   driverlib.a
       270          4          0          0          0        172   fz_ps.l

    ----------------------------------------------------------------------
      2820        110         12          0         96      64861   Library Totals

    ----------------------------------------------------------------------

==============================================================================


      Code (inc. data)   RO Data    RW Data    ZI Data      Debug   

      8704        786        800          0       1704     153793   Grand Totals
      8704        786        800          0       1704     153793   ELF Image Totals
      8704        786        800          0          0          0   ROM Totals

==============================================================================

    Total RO  Size (Code + RO Data)                 9504 (   9.28kB)
    Total RW  Size (RW Data + ZI Data)              1704 (   1.66kB)
    Total ROM Size (Code + RO Data + RW Data)       9504 (   9.28kB)

==============================================================================

